%PDF-1.4
%\xE2\xE3\xCF\xD3
2 0 obj
<</Length 161/Filter/FlateDecode>>stream
x\x9Cm\x90\xC1
\x830\x0C\x86\xEFy\x8A\x1C\xF50\x97\xB4Zw\x1E\xB8\x81\xB7m\xB9\x89'u\xE2\xC0\x81:\xD8\xEB\xAF\xD5\xB2)\x8CR\x9A4_\xF2\xF7\xEF\x00G\x01m0M\x0CJ\x99\xC0\x05\x18\xC9\xAE\x1D\xA3\xBBW\x84U\x0F\x84\xB9\xDD\x0F\xA0\x88\xF1Ei\xEB5\xD0\xCC]\xCF>\x18\xDB\xFF\x18\x7F\xB1\x88\xF4\xB6;6\x07LR\x83c\x037\xCFy\xD5E\xD4\xA5~\xBEV\xB1\xAD\xD0\x16\xA5\x159K\x0C6\x94\xCAy\xDA\x9F\x18Y\xA1\xDC\x7Fv\xDC!\xFD\xFA\xB5\xE4<\x17\x81\x84\xAC(h\xA6W\xF7l\xC3R\xF2\xE5\x1B>\xA7\xDC8\xB5
endstream
endobj
4 0 obj
<</Type/Page/MediaBox[0 0 612 792]/Resources<</ProcSet [/PDF /Text /ImageB /ImageC /ImageI]/Font<</F1 1 0 R>>>>/Contents 2 0 R/Parent 3 0 R>>
endobj
1 0 obj
<</Type/Font/Subtype/Type1/BaseFont/Helvetica/Encoding/WinAnsiEncoding>>
endobj
3 0 obj
<</Type/Pages/Count 1/Kids[4 0 R]/ITXT(3.3.2.0)>>
endobj
5 0 obj
<</Type/Catalog/Pages 3 0 R>>
endobj
6 0 obj
<<>>
endobj
xref
0 7
0000000000 65535 f 
0000000400 00000 n 
0000000015 00000 n 
0000000488 00000 n 
0000000243 00000 n 
0000000554 00000 n 
0000000599 00000 n 
trailer
<</Size 7/Root 5 0 R/Info 6 0 