%PDF-1.4
%\xE2\xE3\xCF\xD3
16 0 obj
<</Length 3196/Filter/FlateDecode>>stream
x\x9C\xAD\x9Cww\x1B\xC7\x15\xC5uN\xFE\xC3\x97\xC8M\x8F\x92h\xBD\xB3\xBB\xB3;\x139\xCD\x8Ek\xAA$\xA6ZNBK\xA0L\x99$,\x8A\xB2l\xA7|\x96\xF4\xDE{\xEF\xBDw\xA7\xF7^Oz\xCF\xC9\xEC\xCE\x1B\x92X\xDC7\x82\x0EC\x89 \xB0\xBF\xDD\xF7\xE6\xDDwg\x06  \x9D\x9B\\\xB52\xA9[t\xB6\xC5\xCA\xE9\xC95+\x93c\x13\x832\xFC9\xD2\xFF\xE8|\x85S\x9B\x93\x127\x86\xEF\xB3\x93\xB20\xB88\xB9\xE9\xE6@NO\xCA\xE1\xB4\xE3\xD7\xC9\x9D\xED3\xFC\xB4\xCE\x16!|\x85M\xB9W\x17\xDE\xA7[A\xC3\xCFS\x93\xAE,J\x13\x1F\xB4\xAEh\xE4\xA4x7\x0Cc\x12\xEF\xC5\x93\x86\xDB\x84\x86\x9F\xE1\xFA}\xE7\x0F\x91\xF7\xE2\xD7\x9F\x98\x9C\xEB\xAB\xBD\xE2Z\x03Sbem\xAF\xD0~\x0C\xAE\xA8<V6\xF7WS\xF6\x92<xgz~g}\xEB\xCC\xE1\x95\xB3Q\x9EL\x10\xD7\x15\xE1\x96\x05\xD9X\xDF\x9AV\xD8\xB9u\xFD<\xC2\xDFU\xDC1\xDD\xBE\x0B\x1B\xB3\xAD3r\x130fk\xD8\x99\xDE\xB9\xB3L"\xDF\x15\xC6\xD2D[\xD3\x8BC\xB4e\xA2\x98\xB2-,/\x1A8?\xDB\x9Cbs\xB6=\xA5\x83
\x17W}\xB8\xAAp5V.N\xAA\xFDa\xAB \x83\xA3aW\x16\x05\xD0"\xFB\xC2\xBB\x85\xC8\x8D\x09\xD6\xD2\xF4M\x02\x1E:/\xD4\x9F\xC2\x9A\xAA\xA8\xAB\x85\xB8\xB6)\x1A\xDE\xB8s\x17\xD6O\xDD\x86[\xB6g\x17\xB7\xB06\xBBS[\xD8f!j\x1Bthh\xD4\xB3\x176o?\x8FY\x10\xA1\x1F+6V\xEF\xBEK\x8FL\xC6\xEBLQ\xB64\xF2\xE9\xD9\x19\xACn\x9D\xC6\xAD\xD3\x8D\x8D\x19.\xCE\xB67N\xAB\xBD\xDB\x1F\xD17E\xCD{\xB6\x8A\xB5\xE0\xA9\x9D\xF5\xCDi\x1C\xF18\\\x8Dj\xCFYEe\xAA\xB0\x94\xC4\xA0\x95q\x9A\x11\x0E\xDD\xFBPy\xC8\x1C:z\xE8^r{\xF2p\xB8\xB9\xF2\xD0\x91\xF0\xE0J-C=dh\xEB\xAEu8R\x0F\x19\\\xDD\xCF\xF1\x03gh\xC8\xEC\xA8K[T|\x92\xAD\x0Cb\x1C\x9F\x9E\xB9\xB0\xB1\xBA\xA0\x87e\xB1L\x93\x8Fu\xD5l\xB1O-\x0BT\xD5\xF9@7\xEC\xACn\xAC\x9F\x1A\x87\xEAX\xA8\xBA\xBA\xF4\x98\x94x\x15\x8B\x17&'\xF7\xE4\xF5\xD3\x8D;\xA6;\xEB\xA7V5\xC9\x1C\x0Bg\xCB\xC2\xF1\xE1\xED\xC5c\xB2y\x16\xAC-\x95\x85c/\x16\xAF4\xC4b\xE1|Q/36-(\x8B\xD9\x85\xD5\x82\x8F\xF1\xEA\xD9\x85\xED\xF5\xB0T(\xEA\x19\x1A\xCE\xD9\xC2v\xD9pL<C;\xEB\xEB\xA2\xA9\xB3\xB1\x94:k\x12\xAD)\x8D\xB6\xD5\xEE\x1F\x99\x16\xB2\x81[\x8C\xE8\x8B\x8A[\xEF>\xC0}\x81\xFB\x01\xF7\x07\x1E\x00<\x10\xE1\xEBd\xD8\xDDN\x1E\x06\x1E\x02<\x14xX\x7F\xA8\x00\xAEX*\x93\xE9\xB4L5\xC2\x1D\x18\xA0\x02\xC2\xFD\x06\xB0@\x0Bt\x08a\xE0\x81\x87\x03G\x81+\x81G\x00\x8F\x04\x1E\xB5T\xBE\xCAj\xF9B\x82G\x03\x8F\x01\xAE\x02\xAE\x06\x1E\x0B\\\x03\\\x0B\\\x07\\\x0F\xDC\x00\xDC\x08<\x0Ex<\xF0\x04\xE0\x89\xC0\x93\x96\xCAW\xD7Z\xBEP\xCD\x93\x81c\xC0q\xE0\x04\xB0\x02<\x05x*\xF04\xE0\xE9\xC03\x80g\x027\x05aO\x027\x03\xCF\x02\x9E\xBDT\xC2\xB0h(\x09\xDB\xBE1\xAB\xC0-\xC0)\xE040\x05\xCE\x02g\x80[\x81u`\xB8\xD8\x006\x81-`\xB6\\:\xD5)\xA1O\xB7\x03\xE7\x80\xED\xF0\xDC\x07\xD8\x01.\x00w\x00\x17\x81;\x81\xBB\x80\xBB\x81\xE7\x02\xCF\x03\x9E\x0F\xBC\x00X*\x9DU\xED\xE2p\x89\xAF\xA5\xE2\xB7\xAA=\xFC\xFF%~\xA7\xDA\x01x!\xF0"\xE0\xC5\xC0K\x80\x97\x02/\x03^\x0E\xBC\x02x%\xF0*\xE0\xD5\xC0k\x80\xD7\x02\xAF\x03^\x0F\xBCa\xA9tN5\x03\xF0F\xE0M\xC0\x9B\x81\xB7\x00o\x05\xDE\x06\xBC\x1D\xB8\x07x'\xF0.\xE0\xDD\xC0{\x80\xF7\xC6\xD2>\xB0\\2\xD5
\xC0\x07\x81\x0F\x01\x1F\x06>\x02|\x14\xF8\x18\xF0q\xE0\x13\xC0'\x81O\x01\x9F\x06>\x03|\x16\xF8\x1C\xF0y\xE0\x0BK\xA5\xF3\xAA\x15\x80/\x02_\x02\xBE\x0C|\x05\xF8*\xF05\xE0\xEB}\x1D\xDF\x00\xBE\x09|\x0B\xF86\xF0\x1D\xE0\xBB\xC0\xF7\x80\xEF/\x93\xCD\x96\xAA1\x80\x1F\xF4\xB1w\x93\xFD\x14\xF8\x19\xF0s\xE0\x17\xC0/\x81_\x01\xBF\x06~\x03\xFC\x16\xF8\x1D\xF0\xFB\xA5\xB2\x99\x8CM\xFA\xAF?\x02\x7F\x02\xFE\x0C\xFC\x05\xF8+\xF07\xE0\xEF\xC0?\x80\x7F\x02\xFF\x02\xFE\xFC\x07\xF8\xEF\xA2%\xD9\xB32[\x85g\x19|\xF78\xB2\xC4\xD7B9\x96\x94S\xBB\\9\x8B[\xCA\x83\xC8\x9ErD\xD9TX\xBE\xA6\xD5\xF3\x1DpOa\xE9\xC2\x8B\x1D5\xDD\x01\xB7\x14\x96\xAE\xAD\xF4t\x07\xDDQX\xBE\xF0\xB2_\xCD\xF7\x9C\x85\x1Dem\xDF\x8Er\xF6R;
M\x971\xCB\xC16\x14\x96\xCDe\xACr\x99\xEB=\x0B\xEF3\xD68x\xF8\xB6\xCCX\xE1`\xBB\x09\xCBf2F\xA0\xBB\xC9;\x16v\x93\xF7\x01\xEFg\xFB\x09M\x971\xC2\x01\xF7\x13\x96\xAE\xCA8\x81\xEE'\xF7,\xBD\xA1\xB0tu\xC6\x19aC\xF9!\xF0#\xE0\xC7\xC0O.\x7FGa\xE9\x9A\xACS\xFEp\xF9[\x8AIq\xAA\xAA)\xBA\x1A\xE9Ga\\\xBC\xD9\x9EN\xD6\x02l\x0BoT\xE8\x8B\xD2k\xB0\x0E\xCF]:\x15\x86\x17PV\x85\xB6h\x1B\x15v\x85\xAB4\x186\x0E\xAB\x86\xAF\x9F\xF5R\xAC\xCD\x8C6<k\xD5Gk}f\xB4\xAD\xC9\x8C6sY;\x1CP\xA0+\xEAVm\x8943\xB6M\xD1\x8E\xC2&\x1EP\xA0\x08Ka\x12\x96C\x11\x96\xC2T
\x85\xA9\x94h2\xC5z\x14&\xEBq(\xD6\xE3P\x14\xA20)\xC4\xA1(\xC4\xA1\xCB\x94\x92\x14\xE2P\xDCEar\x17\x87\xFAe\xA2:\x176\xAA.\x12r\xD59\x94\xA3
\x8C\xAA+0\xAA\xCE\xA1\xB8K\x816\x93S\xB4\xE3P\xB4S\xA0~Y\xD4N\x91G\xB4\x8B\xB5*\xDAQ\x98\xB4\xE3P\xB4\xE3P\xB4\xA3P\x1C\xAB\xC0&\x96\xC2a\xB4\xB3\x02]\xA6\xCE\xD4/\x0Em\xA6\xCE\xD4/
S\xBF8\xD4/s\x99"S\xBF\xE2~\xA3\x08Ka\x12\x96C\x11\x96C\x11\x96\xC2$\x0F\x85\xA9\x14
S)q\xD0c\x18\xD7W\x05\x8A/)L\xBE\xE4P|\xC9a\x1C\xA6\x02E[
\x93\xB6\x1C\x8A|\x14&\xEBqh3\xA5\xC8\x0E\xAF@\x9F)%\xF9\x92C\xFD\xB26Sd\xEAtN\x9E\xA6\xD4<\xD0\xEC\x1D_\xF4\x00\x87\xD2f\x05\xC6ap\xD8\x0FC!\xB1S
t\x99\xA1J\x1B\x15h3C\x956*0\xB6\x91\xC3\x0C\x89\x9DRT\x8D\x93Gf\xBC\xA2*\x85\xA9\x8D\x1C\xC6\xA3
\x14a9\x14a)\xB4uf\xB4IX\x0EE;
\xC5\xAE\x1C&\x85\xE2\xA0\xF9
\xA2\xC0\xB8\x82(PLIa\xD2\x96C\xD1\x96C\xD1\x96C\xD1\x96\xC2\xA4-\x87\xA2-\x87]F\x04Y^\x14\xE82\xA5$\xE1]\xE6\xC5\x99\x02\xA5+\x1CJW(L\xC2s(\xC2s(\xC2S\x98\x16\x04\x0E\xEBL\x9DIx\x0E}\xA6\x94$<\x85\xB2\xD2\xCA\xB8\xF8J\xAB\xC0\xD8\x15\x0E\xA5+
\x8C]Q`\x9C\x0E\x1C\xF6k\xB4BbK\x14\x18[\xA2@\x97Q@\x1C\xCD\xA1\x08\xAB\xC0\xB8\xD8*\xD0\xE5F\x1B\x0F\x88\x1B\x94R8\x94R(\x94\xA3
\x8C\xEER\xA0\x88@a\xAA\x93C\xA9\x93\xC2d=K_\x80\x88\xF58\x14\xEBQ\x98\xAC\xC7\xA1X\x8F\xC3\xB8 (P|Iaj\x19\x87.S\xA7X@\x816SJ\xEA
\x87>SJj\x19\xD7V\xBA\xD2e^\xA2q\x98\xA6 \x87\xE2[
S)\x1CJ)\x14\xA6)\xC8\xA1\xD4Ia\xAA\xD3\xD3\xD7 b0
\x93\xC18\x14\x83q(\xF2Q\x98\xE4\xE3\xD0eF\x9Bf6/%\xD6)B\xF1:9\x94:\x15\x18\xEBT`\xAC\x93C\x99+\x1C\xCAtP`\x9D\x19\xAD\xB8Y\x81]f\xB4\xA2\x1B\x87rT\x81\xFAem\xA6HY\x15\x95\x96H\xBFTS\xEA\x8E\xD4\xED\xA8{Q7\xA2\xEEBfA\xE9\x9BjNF:ml\xA9#\xEAo\x0E2>ow\x8F\x93b)L\x86\xA40\x15\xC6\xA1\xD4\xC6\xA1\x94Ga\x1A\xAD\xA3/4\xE2\xDE\xA7@q\x01\x85\xC9\x08\x1C\x8A\x178\x8C{\x9F\x02E>
\x93|\x1C\x8A\x978\x8C{\x02\x87i>S\x98\xA6\x17\x83\xFD\x9BA\xA6\xFF\xF0ze\x02\x0B\xDFm\xD5\x97\x16o\xC3\x19'\xE4\xA3pF\xDD\x86S\x9B\xC0
\xD7\xC6\x9B!B\xDD\x0E\xF7\x19\xE9\xEA\xFE\x93|\x8C\xB8\xB2\xFFP\x1E%]\xFF\x11;F\xFA\xF7d=#\xFD\x07\xE9LCI\xE5\x94<M\xFF\xC6\x1A\x8Ffi1M\x90\x84\x97\xD9\xB4^)\xB3\xE9Z-\xBD\xAB\x952\x1B_j\x03\xEB?\xECN\xCB\x1C:\xD3\x7FL\xB4\xD5\xA4\xE1\xD04CI\x1C\x8At\x1C\x8Az\x1CZ5\xA6T@a,b\xF8\xEC\xA7\xE2#\x0E\xC5J
\x8Cn\xA2pW\x1B
\x936\x14&m(\x0C\x8B\x83\x9E\xD3\xAA1\xC5E\x1C\x8A\x918\x14/q\x98$\xA7\xF2\xF4\x92\xB7M\x1FZ\x91\x9CC\x91\\\x81Qr
\x93\xE4\x1C\x8A\xA98\xEC\x85\xE3D\x84\xE3P\x84\xE3P\x84\xE3P\x84\xE3E\xF6\xC2u\xA6\xBFZ\x11\x8EC\x11N\x81Q8
\x93p\x1C\x8AW9\xAC\x8C>\xA0dd\x0E\xC5\xC8\x1CJ\xB38\xB4\xEAh\xA4Y\x1CJ\xB38\x94fq(\xCD\xE2\xC2\x0E\xCD\x1A\xFEY\x93\xA6*\x85IU
\x93\xAA\x1C\x8A\xAA\x14Z5f*\x82\xC1\xA1\x08g\xFB\x13\x16\xC8p_\x81bG\x0E\xC5\x8E
\x8Cv\xE4P\xF6b
\x93\xAA\x1C\x8A\xAA\x1C\x8Ap\x1C\x8A\xE38\xB4jL\xD9\xB7\x15\xE8uy\x92\x1D9\x14;r({\xB8\x02\xBBK\xCB\xE3+j\x00\xEFv\x0F.\x1A\x80C\xE91\x85\xA9S
t\x1A\x916q(\xAB\x06\x87\xD2C\x0E\xADVD\xEA\xA1\x02c\x0F9\x946q(m\xE2\xC2\xC5\x99S\x95V\x7F\xD2\xC1\xA1\xF4P\x81q\xE1\xD0\xA0\xCB\x84\x8D\xC2*\xB0\xF1}'\x15h\xD5\xD1D\xED\x14\x18\x8D\xAA( \xF2\x98J\x7F\x0E\xA0\xC0\xB8vp(\x8ET\xA0\x08\xCB\xA1\x08\xAB\xC0(,\x87",\x87",\x87V\x1DMt\xAC\x02\xE3\xC2\xA2@Q\x9Dk\x97T\xF7\xFA\xB3\x0BJK(L-apWu
\x93\xEA\x1C:}@\xB2\x14hPT\xA7\xD0\xAA\xA3\x11;s\x98T\xA7
\x84\xD5\xB5\xFFM\x02\xDBx\x87\xFB
\x94~p(\xFDP`\xEC\x07\x85i\x16(\xD0iD\x9A\xA1@\xA7\x8F&M\x01\x0E\xC5\xCB\x1C\x8A\xAA\x1C\xC6\x05V\x83]\xA6H1]]\xEBO\x13\x14(\xA5p(\xBE\xE2\xD0\xAA\x09E\x01\x0E\xA5H\x05vz\xC2\xC1tM\xA99\x8E\x10\xB1\x1B!\xE25F\xA2\xD1\x08\x91Y\xBFH\x92\xFF\x08\x91\xBE\x10"\xBA\x13"3\x9D\x10\xCBC\x89\xDC\x8CxE\x80\xD4\x05&g9\xBCU\x9E\x0E\x922)\x94\xC9\xA4\xC0\xE8@\x0E\xD3\xF09\xF4\x99\xB02\x998L\x1528\x14i\xEB\xCCF\xCD\xA1\xD8F\x81\xD19\x14&\xED8\x14\xED8\x14\xA3p(\x13\x94\x0F\xA8/\xB2-3\xFB"\x87R\xA4\x02c\x91\x14\xA6"9\x94\xA9\xC0\xA1x^\x81>\x13\xD6\xAA1\xC5W
\xF4\xBA\x02\xC9W\x1C\xC6\xA7\xC8
\x14\xD3)\xB0\xD3\xEB\x88\xCD\xEA\xF4_\x91(05\x8BCi\x16\x83\xBB\xCD\xA2P\x1C\xC9\xA18\x92\xC3\xD4I\x0E}&g\xEA\x17\x87>3\xA0$,\x15\xA1\x17\xB6k2O\x1B8\x14\xBBr(E*\xD0g\xC2J\x91\x14\x0ECuF\xFF\xA5\x85\x02\xC5 \x1C\x8AA\x14\x18\xC2\xA1\xECw\x14&\xED8\x14\xED8\x14k)\xD0\xE9\xA3\x1D\xA6:'2\xED(\xDC}\xCB&\xBD!\x93\xBE\xB7\xE7\xDE\xAE97)\x8B\xDAV\xBEA\xBC\xC0\x96}\x0F\xCB\xF8\xDF\x18\x85\x03E\x8Bz\x88X\x15\xC3)\x85\x93\xC7\xA1\xD6\xB9\xC7nx\xBCw~xe2\x7FBPg>\x82\xE9\xC2\xC9s\x07|Q\xCD\xE7\x1C'\xCF\x02\x9B\xF93\xFC(F\xFFn\xDD\xFC\x01;
Z\xBBq%\xE5\xFC\xC3\x11\xED\x86\xEB\xEB\xA2\x92\x03v\x9C\xC1V\xA3\xD2\xED8\xA5u\xA3a\xB7f4\xEC\xB6\x99\xCB\xD1\xCEK\xD7\x95\xA3!w\xE3\x94\xDDX\xCB\xCE\x8FF\xE9\xEA\xD1\xA0\x9C\x1D]\xE2F\x8D\xD2\xEE\xCA\x8F\x1B\xE8\xDB\xD1(\xFC\xB8\x81\xA6\xACF\x95\x9Br\x9C\xD6\x941\xD1\xBEs\xCC\xFC\xD0\xCD\xA2u\xCC\xFC\xD0LU\x8E\xDDV\x8D\xEB5\x95\x1D\xE7\xA9\x16L[\x8F2\xD7\x0B\x99\xEBQ\x8C\xA6\x1C\xC7h\x1627c\xDB\x9Af\xEC[c\xE7]f\xEC\x98\x8Fmk\xDA\xF9\x09j\xDAz\xD4\xF2\xFE\x7FT\x1A\x1F\x89\x15\xEF\xCB\x13V\xD1Q\xA6n\xFC8f\xDEw\x8D\x1B\xCFK\xE3\xE2r\xD0\x1FOGF\x8F\xBD\x19\xAB\xE2\xEBq?|t\xF1\xDEUU9\xEEk\xB5\xE0\xA8\xAA\x8Ck\xD7\xA5\x1F\xADM\x8E\xED-\x8Bi\xA1\xEBRU'&\xFF\x03,s\x0CE
endstream
endobj
18 0 obj
<</Type/Page/MediaBox[0 0 612 792]/Resources<</ProcSet [/PDF /Text /ImageB /ImageC /ImageI]/Font<</F1 1 0 R/F2 2 0 R/F3 3 0 R/F4 4 0 R/F5 5 0 R/F6 6 0 R/F7 7 0 R/F8 8 0 R/F9 9 0 R/F10 10 0 R/F11 11 0 R/F12 12 0 R/F13 13 0 R/F14 14 0 R/F15 15 0 R>>>>/Contents 16 0 R/Parent 17 0 R>>
endobj
1 0 obj
<</Type/Font/Subtype/Type1/BaseFont/Courier/Encoding/WinAnsiEncoding>>
endobj
2 0 obj
<</Type/Font/Subtype/Type1/BaseFont/Helvetica/Encoding/WinAnsiEncoding>>
endobj
19 0 obj
<</Length 1536/Length1 3128/Filter/FlateDecode>>stream
x\x9C\xEDV]LTG\x14\xFEf\xEE\xDC]\xB0\x06\x97\x1FE-+\x0B\x0B\xCB_\x17\xB2,,kVh\x0B\x04t!\x06\x91\xA0\xA5h\x81]\xE9j%J\x90*\x01C)Y\x1B\xD3\x1AJU\x1E\x8C1\xC6\x87&5\xC66\x8D5Mclm\x1F\xAC\xFD\x09\xA2i\x8C1\x8DA\x9A\xB46`\xB1\xB6\xB1r\xE9\x99\xBB\xBB\xBA\xA0oM\xFA\xE4\x9D|93g\xE6\xCE9s\xCE7'\x03\x06\xC0\x80\x97\xC0ay}{O\xFB\xF0\xC0\x17\xFBH\xB3\x1D\xE0\x1F\x04\xB6\xB4\xFA\x1F\xBE35\x04(\xA4\x82+@\x8AE]\xC6s4v\xD38#\xD0\xB1k\xCF\xEA\xC1\xF6\xE7h\xDC\x0C\xA8\x97\xB7\xEF\xF0\xB5^~e\xB4\x15\x88}\x81\xFE\xFF\xBD\xA3u\xCFN\xF66.\x00\x0B\x97\xD2z\x0B\x18\x12\x00q@=\x02#\x90\xC3\xE2\xD3d\xE37\xB5[\xDA:\xD1\xAB\xD5\x8B^\x96\xAA\x8D\x93'\x05\xB3\x93\xA2[l\xC4R\xD0>i\xD6\xAC8\xC5\x9A\x9E\xCF\x8B\x8B\xCA\xB8\xB3p\x05O.q\xB2\xA2|nM\x8F\xE3\x8B\x93V\x90\xAA\x8C\x8B\xEE\xF2mY\x1BZ\xB6\x14u^<\xDC\xD8x\xF8bgQ{\xCB\x06\xDB\xB6rm*\xCF\xEBs\xBB}krs\xD7H\xE9\xCD;h-\xB5/\xAF\x1D\xBE\xB2o\xEF\xD8\xC8\xFA\xE5\xF9e\x19\xFD3\xF7\xDC[\xD79l\xDE\x8E\xAA\xAA\x0E\xAF\xCD\xB1n+\xC2\x1E$\x90\x07f\xE4\x01l\x05\x93FJ\x92\xE7\xF9\xA1\xE6\xB3\x88\x13\xC9<\xC1d1e{_v\x9A\xBE\xB5\xF9\xBA\xFA+"\x8ET\xBC\xD5\xE5\xB7i\xEF%f&I/\x14\xE3\x82\x18fP\x95%9\x9E\x8CK\xAE\xC6U\xA9#\xA3}\xFDW\x0E\xD5[Vmp\xB9\x8C"\xA7\xF6\x8D\x8AE\xB6\xAC\x8C82\x8A\x00\xC5*S\xBD\x8E\xE5\xE1X\x951iu1\xF5\x9C\x91\xE3\xB3\x1E\xED\x0F\x16\xEF\x08\xB8|\xA7\x07j\xB4)nq{s\xF3j\xDD\x16\xF5\xBA\x96\x95\x99Z3\xF8\xB1o\xE6(\xF7\xE7\xD6\xB8-\x16wM.\x9D\xCBC\x1B\x9F4\xC4 \x11\xC9\xD4K\x8A\xE3\xD1\x07R(\x1B\xEC\xA4\xB9\xB0\xC2f\xABp\x98\xCD\x0E)\x0B\xCD\x05\xDA\x14KT\xEBm\xE5RUn\xCB\x0CM=\xD8/
\xC8\xC7J\xF21F\xD8\x91\x15\xF2\xB1\xD0U\\d\xB3\xA6E\xF6\xA4\xFD\xD2\x8B\x93\x968\xD3\xA4\xE3d\x8D\x9F\x99y\x9F\xEFL\xC9\xCEN\xD1~\xA9\xEEk..n\xEE\xAB\xE693\xD7\xA4\x86\xA5T\xF55\xBB\\\xCD}\xCC\x94\x9DbNpm\xEA\xAB\x96K\xB4\xBB4\xCA)hx\xB3\xAA\xBAwS\xB1\x8C\x8B\x99\xF8VGq\xA1\x13\xE8\x96\xE2\xAD\xF1\xCE\x10\x95\xE2)\x13\x1E\x16\xCF\x07|\xA7\x07k\x82Afb\xC7\xB46\x8B\xBB6o\xB4f\xF0\xB4\x8F\x95\x91\xE2\x94\xD6\xA0\xDD\xD5\xBE\xCE\xABq\xA7iw%\xABY\x08K\xFA\x1A\xFFym\xD1\xAA?\x11\x1B#\xB5\xF8n\xCA\x9A\xA1\xCB;\xFDG\xB4\xB1\x99\xE9\x98\xF3\xC6q\x1A\xC6R\x0CC\x1F\xFDc\x1C\x9F\x99&\x15\xD7\xC6f\xD7\xC7\x9C\xD7w\x8A\xFA\xD8.^\x1A\xEAI)!\x9A\xB0_\xA9\x82\x9F\xDD\x86\x9F\x8F\xC2K0+\x13X+<\xE8Q&\xB1R\xF5\xA3[m@PME\x89\xEAAP\x1C'\xF4\xD3\xB8\x9E\xC6A\x04y\x0E\x82J#\x92T\x90~\x00A\xC3\x10z\xA5\xDE\xB0\x92\xE6\xADaYBs\x13p\xD0\xBF\x09r?1\x06.\xD7\x89\x9Bd\xFF>J\xC5\xA7(P\x16b@\xDA#Y+~F\x81\xB8\x88z\xCA\xA1]\xDC 8i>\x8F\xA4\xD4\xF7#\xC0&\xE0a\xBFjc\xA2N\xEF\x07\x0C\xCB\x10\x90zq\x82\xD6\xDC$I\xEB\x14\x9A\x13\x0ET*\x030\xD3\\\x93(\xA7\x92\x12\x87\xCD\xC23\xFB\x80\xFClRn\xA0\x80[\xC9f\x0F\xCA\x95ch\xE0\xCF\xA3\x8D\x9B\x09%\xE8\x94P\x17`\xAD\x1C+gI\x97\x8C\x16~#J\x13\x9D\xED\x02z\xD9}\xD4*C\x84a4\xB2\xBF\xD1\xA8\x8C\xCDNK?\x94\x9Fh\xFF:\x0C\xB2o\xC2)|\x97X\x91D\xF2\x0C\xC5\xDA*YN\xF8\x91\xFAt\x8B\xF8A\xEA?\xA0\xF98xu\x1D\xCD\xABm\x88Q\xAE\xA2\x94\xE0\x17\x9Fc\xB5\xF8\x04&>\x84$QJ\xB9\xF0\xC0\xA1\xACD\xBDz\x02\x0E\xF58\xEA\x95{d\xF7(\xDAy\x13\xED1\x8A\xBDb\x19\xDAe\xAC\xF5\x18\\\xC2\x05\x8A\xDBn%\x88\xB5\xEA\x8Bt\xD6\xA3\xE8V\xBA\xD1e\xBC\x8Dn\xE3(
\x8C\xED\xB0\xC7r\x94\x18v\xD3\xBC\x89\xE2\xDD\x89L\xC3 \xFD\x97\x86\x0E1Nv?\xA4\xFE\x18*\xB9\x13\x1D\x06;\x1A]\xA84>D\x9D8\x88\xBD\xC4\x81\x16\xB1\x97\xE2z\x0EY\x84Z\xB9F\\\xA59\x99_\x8A\xB7\x9EO\x8A\xAF\x9ES\x8A\xB1\xCE\x1F\x09\xE2\x8F\xE4\xCE#nH\x1E\xC8|>\xF6P\xCE\xA3!\xE3\xCB&f\x0F\x11n\x11\xBE|\x94\xEF\xF9\x90\xB9\x8EB\xC4\xBE\x1E\x1B\xE9\x17\xF9\xA7\xDB\x96\xBE\x84\xA5\x84\xE41A\xF0\x9C\xD9[\x84\xCF\xE4\xFA\x08\x1E\x9D\x81\xA0\x9CA\x9Dr\x12M\xFC::\xE8\x9E\xF4\x88!\xEC \x9E7\xF0w\xE9\xCE\x0Cc#\x9D\xDB\xAF.\x84\x87r\xE7\x17\x93\x14\xDB4\x8A\xCB4\xC5\xF4\x0E\xAA\xD4^x\xD5e\x04\x07\xE5\xFC\x06\x9A\xD5S\xE4_\x176\x13\xB7\xBA\xE5]4\xD4\xA1M-\x86]\x8D\x83]\xF2[9\x01\xA7\xE4\x1C\xF1\xA8\x94\x99\x88/\x07B\xBEG\xC7t\x0E\xE8~J\x0EE\xCE\x14\xFD\xBEF#\xA8\xE7"\x95\xCE\xFA\x03\x9D;\x99PB(\x97qP\xFB\xE7\xDEi\x09\xF5~X\x06\xE7bN\x9C\xE8\x9EG\xA0\xF3!\x02\xBA\xF7\x11\xCC\xF1?
\xB2\x1EDC\xE7Q\xB86HH\xEE\xEA9\x9C\xCF\x93(\xA8\x93\x8F\xEB\xC5\x13\x98\xCF\xB1~\xBDfp\xE2\xD2G\x84\xBF\x88_&B\x9E\xF2\xFD\xE3\xDA\x12\xA9/\xFA\xDD>\x8B\x00\xBF\x17\xAE3a\xA8\xF4
\x99\xCFCYw\x08m\x91\xFA\x13\x81^\x87\x86\xA9\xB6F\xEA\xD1S \xEBS4t\xBE\x86k\x95\x84\xBC\xBB\xD2\x06\xCF\xC2 \xF1((k\x1D\xFE\xEB\x97\xF8\x94\xD6\x10n#z\xFB
\xBF=\xD9X:[\xF3\xAC=k\xFF_\x0B\xBDo\xD8.\xF8\xE9\xA5\xFE*\xC4\xBC\xB7\x07\xFB\x17v\x1BwI
endstream
endobj
20 0 obj
<</Type/FontDescriptor/Ascent 984/CapHeight 700/Descent -256/FontBBox[-147 -256 1092 984]/FontName/Dummy/ItalicAngle 0/StemV 80/FontFile2 19 0 R/Flags 32>>
endobj
21 0 obj
<</Type/Font/Subtype/CIDFontType2/BaseFont/Dummy/FontDescriptor 20 0 R/CIDToGIDMap/Identity/CIDSystemInfo<</Registry(Adobe)/Ordering(Identity)/Supplement 0>>/DW 1000/W [3[279]31[578]41[607]45[524]48[562 235]59[523 437]]>>
endobj
22 0 obj
<</Length 261/Filter/FlateDecode>>stream
x\x9C]\x91\xCBj\xC4 \x14\x86\xF7>\x85\xCB\x96.\xCCm23\x10\xCE\xA6C!\x8B^h\xD22\xDBDO\x8201b\xCC"o_\xA3\xAD\x03\x15\xFC\xC0O\x8F\x1C\x7F\xD9s}\xA9\x95\xB4\x94}\x98\x997h\xE9 \x950\xB8\xCC\xAB\xE1H{\x1C\xA5"iF\x85\xE4\xF6w\xE5\xC9\xA7N\x13\xE6\x8A\x9Bm\xB18\xD5j\x98IUQ\xF6\xE96\x17k6\xFA\xD0\xB6\xD7\xA7\xE4\x91\xB0w#\xD0H5:Sd_\xDF\xCE4\xAB\xD67\x9CPY\x9A\x10\x00*ppW\xBDv\xFA\xAD\x9B\x902_x\x97\xED\xA6\x91f~\x9D\x86\x0E\xF8,p\xD1\x1DG\xD3\xA9\x11I\x95\xB8\x01\xD5\x8B\x1B@P\x89\x7F\xDB\xA7P\xD4\x0F\xF7\xD39Df\x09\xEC*\x1D \xF2Px\x95\x9D!\xB2L\x83\x12\x10Y\x1E\xBC\xCA\x13\x88,OA\xA5\x10Y\x9E\x83\xEA!\xF2\x98\x07\xC5!\xF2X\xF8\xC6\xFFZ\xDC\xDF\xB0\xC7\x1B#\xE1\xAB1.-\xFF\x07>\x93=\xA90~\x93\x9E\xF5^E\xDD$?\xFCu\x88/
endstream
endobj
3 0 obj
<</Type/Font/Subtype/Type0/BaseFont/Dummy/Encoding/Identity-H/DescendantFonts[21 0 R]/ToUnicode 22 0 R>>
endobj
4 0 obj
<</Type/Font/Subtype/Type1/BaseFont/Times-Roman/Encoding/WinAnsiEncoding>>
endobj
5 0 obj
<</Type/Font/Subtype/Type1/BaseFont/Times-Bold/Encoding/WinAnsiEncoding>>
endobj
6 0 obj
<</Type/Font/Subtype/Type1/BaseFont/Times-Italic/Encoding/WinAnsiEncoding>>
endobj
7 0 obj
<</Type/Font/Subtype/Type1/BaseFont/Times-BoldItalic/Encoding/WinAnsiEncoding>>
endobj
8 0 obj
<</Type/Font/Subtype/Type1/BaseFont/Helvetica-Bold/Encoding/WinAnsiEncoding>>
endobj
9 0 obj
<</Type/Font/Subtype/Type1/BaseFont/Helvetica-Oblique/Encoding/WinAnsiEncoding>>
endobj
10 0 obj
<</Type/Font/Subtype/Type1/BaseFont/Helvetica-BoldOblique/Encoding/WinAnsiEncoding>>
endobj
11 0 obj
<</Type/Font/Subtype/Type1/BaseFont/Courier-Bold/Encoding/WinAnsiEncoding>>
endobj
12 0 obj
<</Type/Font/Subtype/Type1/BaseFont/Courier-Oblique/Encoding/WinAnsiEncoding>>
endobj
13 0 obj
<</Type/Font/Subtype/Type1/BaseFont/Courier-BoldOblique/Encoding/WinAnsiEncoding>>
endobj
14 0 obj
<</Type/Font/Subtype/Type1/BaseFont/Symbol>>
endobj
15 0 obj
<</Type/Font/Subtype/Type1/BaseFont/ZapfDingbats>>
endobj
17 0 obj
<</Type/Pages/Count 1/Kids[18 0 R]/ITXT(3.3.2.0)>>
endobj
23 0 obj
<</Type/Catalog/Pages 17 0 R>>
endobj
24 0 obj
<<>>
endobj
xref
0 25
0000000000 65535 f 
0000003578 00000 n 
0000003664 00000 n 
0000006147 00000 n 
0000006286 00000 n 
0000006376 00000 n 
0000006465 00000 n 
0000006556 00000 n 
0000006651 00000 n 
0000006744 00000 n 
0000006840 00000 n 
0000006941 00000 n 
0000007033 00000 n 
0000007128 00000 n 
0000007227 00000 n 
0000007288 00000 n 
0000000015 00000 n 
0000007355 00000 n 
0000003280 00000 n 
0000003752 00000 n 
0000005370 00000 n 
0000005561 00000 n 
0000005818 00000 n 
0000007422 00000 n 
0000007469 00000 n 
trailer
<</Size 25/Root 23 0 R/Info 24 0 