%PDF-1.4
%\xE2\xE3\xCF\xD3
2 0 obj
<</Length 216/Filter/FlateDecode>>stream
x\x9Cm\x90Mo\xC20\x0C\x86\xEF\xFE\x15\xAF8\xC1\x81\xE2tk\xBB]'\xEDC\xDC\xC6rC\x1CJ\x93\xB5\x99\xFAE\x13\x8D\xBF\x8F\x03HL\x1AR\x1CY\xAF\x1F\xDB\xAF\xCCPX*0\x8A\xE7T\xFE\xAA\xA3\x03\xBDhz\xC8Qd9\xB4\xA1WM\x9F\x14\x01\x8E\\\xF6x\xD6\x05c\xAC%~\x88\x13\x85#mwR7\xC4gn\xF3~M\xA6\xFA>v\x10IWq\xCF\xEAMA\xA5\xD0\xDF\xB7\x15\x8C\xA7$\x17\xA9\xFB;\x84\xA3\x95\xED\\7\xCEC\xDE\x87m\x7F\x17i6\xB7\xC1U\xA5\x0C\x18\x03\x86\x1Em\xD9\x1B_\x95\xA3EkMm'\x8C\x92O8\xBA\xD0\x80\x93l\x86\xAE\x9Cj\xD7\xFB\xC8\x86\xC6"\x0C\xE3j?\x840t\x90NA\x8A\xFF\x8Cw\xC6\xFA\xC5N\xAF/\x87\x88N\x94Rr\x9DT\x9CY\xFA\xA2\x13ixPE
endstream
endobj
4 0 obj
<</Type/Page/MediaBox[0 0 792 1224]/Resources<</ProcSet [/PDF /Text /ImageB /ImageC /ImageI]/Font<</F1 1 0 R>>>>/Rotate 90/Contents 2 0 R/Parent 3 0 R>>
endobj
1 0 obj
<</Type/Font/Subtype/Type1/BaseFont/Helvetica/Encoding/WinAnsiEncoding>>
endobj
3 0 obj
<</Type/Pages/Count 1/Kids[4 0 R]/ITXT(3.3.2.0)>>
endobj
5 0 obj
<</Type/Catalog/Pages 3 0 R>>
endobj
6 0 obj
<<>>
endobj
xref
0 7
0000000000 65535 f 
0000000466 00000 n 
0000000015 00000 n 
0000000554 00000 n 
0000000298 00000 n 
0000000619 00000 n 
0000000664 00000 n 
trailer
<</Size 7/Root 5 0 R/Info 6 0 