%PDF-1.4
%\xE2\xE3\xCF\xD3
1 0 obj
<</Length 71/Filter/FlateDecode>>stream
x\x9C+\xE4r
\xE126S075S\x08I\xE1r\xE1
\xE42T0\x00B]\x10eni\xA4\x90\x9C\xCBe\xA0\xE0\x05\xC4Y\\\x06z\x86
\xE5\\\xD1\xB1@\x99\x14.\x03\xB0\xB2 w(\xA3(\x1D\xBB2\x00\xB8\xF8\x13D
endstream
endobj
3 0 obj
<</Type/Page/MediaBox[0 0 612 792]/Resources<</ProcSet [/PDF /Text /ImageB /ImageC /ImageI]>>/Contents 1 0 R/Parent 2 0 R>>
endobj
2 0 obj
<</Type/Pages/Count 1/Kids[3 0 R]/ITXT(3.3.2.0)>>
endobj
4 0 obj
<</Type/Catalog/Pages 2 0 R>>
endobj
5 0 obj
<</Subject(Test Subject)/Author(Test Author)/Title(Test Title)/Keywords(Test Keywords)/Creator(Test Creator)/CreationDate(D:20180102030405+00'00')/ModDate(D:20190203040506+00'00')/Producer(Test Producer)>>
endobj
xref
0 6
0000000000 65535 f 
0000000015 00000 n 
0000000291 00000 n 
0000000152 00000 n 
0000000357 00000 n 
0000000402 00000 n 
trailer
<</Size 6/Root 4 0 R/Info 5 0 