%PDF-1.4
%\xE2\xE3\xCF\xD3
1 0 obj
<</Type/XObject/Subtype/Image/Width 64/Height 64/Length 8569/ColorSpace/DeviceRGB/DecodeParms<</BitsPerComponent 8/Predictor 15/Columns 64/Colors 3>>/BitsPerComponent 8/Filter/FlateDecode>>stream
h\x055\xC1i\xACn\xD7y\x18\xE6wXk\xAF\xBD\xBF\xF1\xCC\xC3\x9D\xC9\xCBY\x0C)\x92\xA25U\xB2-Y\xB0\x13+\xA9U\xD5n\xD3\xC0i\x91\x18E\x82\xA2\x03\x90\x14A\xD3\xA0?\xFA#@[\xFFHQ\xF4\x8F\xE1\xA2\x08\x92\x00I]\xA3\xB0\xD3\xD6M\xD0X\x8E"\xCB\x96\xAD\xA1\x1A(\x91\xBC\xBC\x14\xEF\xC4{\xEE\xB9\xE7|\xE7\x1B\xF7\xDEkx\xDF\xB7W)\xFA<\xF8\x97\xFF\xDA\xE7n\xBD{qz\xB2t\x84\xFB[\xF5\xF6V]\x8D\\!oF\xA0\x9AS!\xA2\xF1tpx\xB8\xDBv\xFD\xBD\xBB\x8FD\xC1\x0Cs\xB1\xF1xx\xE9\xD2!1W\xDE#Q\xDF\xA7\xAA\xF2\xC7W\x0F\x97\xAB\xF5[\xDF}gv\xBAX\xCD\xD7]\xDB\xA9\x99\xF7\xCE{/O\x14A\x84*\x04r\xAC`\x92\xC5\xC0\xEA\xBA\xAA\xAB\xAA\x0E\xAE
\xD5h:\xDC\xDD\xDDB\xD0\xC5l\xB6Yl\xEAzp\xF9\xCA\xD1'>\xFB\xD9O\xFC\x1B\x9F\x0F\xE4\xEAjd\x00\x86\xFA\xCD\xAF\xFD\xF3o|\xFD\x7F\x7F\xE9\xF5W\x9E~\xEAe\x87P\xD8\xE1`\x1C\x1CZ\x1D<\x130\x83\x91\x81\xAA\x99\x18X\xC9\xB2^\xF6\xF3\xC5=\x15E\xE3\x1C3\x00\xB1\xE3v\xDD\xBD\xFD\xA3\xDB\xCD\xA0\x0Eu0\x01f\x9El\x8D\x8A\xE5\x18\xA3\x99\x8A
\x02\x12\xB3\x89\x00  \x12\xA2\x9A\x19`J\xC9\xA2\x19\xA2\xF3\xBE
\xDE9O\x84\x06VJY/[D\xA8\x03um\xEF\xABP\x05\xAF\xA6i5\x9F=\xF8\xF1\xE5+\xCF\xAE\x16\x8F\xCE\x1F\xDFy\xF4\xE8\xFE\xEF\xFF\xDE\xFF\x19\xD3\xA6\x8F=39\xEBr\xE3QF\x1ED\xBD\xC3\xCAC\x13\xA0\x80z\xE7P\xB8\x15)LaH\xEAB\x8C\xD6\xAEc)\x1A\x1A7\x1CU\xCC\xAE\x08\x98\x82d\x8D1y\xE7M\xCCD\xD9\xB9fX\x87\xDA\x95\xE4s\xCE\xAA\x8A\x88`f\x00@\x08\x06j\xAA\xA2\x06\xE0*\xEF\xD89F\x00I)#r\x83\xB8Y\xB7%\xB1\x14q\x95\xAF\x87\xF5\xA5+\xC7\x07\x87\xFB\x8F\x1F\xFDx\xBDz\x1CK;\x9F\x9F\xDC\xB9}\xFBb1\x1F\x8C\x06\x95\xAF+\xEF\x1Ct\x02EP\x8Af\x15O@\xACEBC\xC1!\x02`\xCD\x09\xA0\x1Ex!\x9Fs.E\xD8\xD1d\xABi\x06\xC1\xFB\xA0B\x17\xB3UN\x99\x90B\xE3\xF7\xF6\xA6\xDB;\x93\xE5\xA6\xED\xBA\xAE\x1E\xD69J\xEC8\x97""\x88`O\x00\x18\x80)\x00";\xF6\xCC\x0E\x11LD\x05\x91\x00LT0\x03!\x18`,\xB9j\x021m\xDA\xB6\x1E\xB8\x87g\x0FV\xEB\xB9\x94\xD4e\xAB\x06\x83\xE1t\xE8\xBC\x17\x11\xD70c\x91\xB4\x89\xAA\xA6\xDEa\x01\x8B\x98U\xC8\x83G\xF6\xC1\x81\x99\xA2\x89\xAA\xA98& \x0Cu\x98nm\x91\xB9\xCD\xA6\x0FuE\x84\xCD \xDC\xB8q||\xB8\xCF\xDEu9\x1A\x189$F$D\x043\x83\x7F\x8D\x88\xF4'\x0C\x11\x99\xC81")\x98\x11\x121#"\x002\xA3ct\xA12\xA0\xCD\xAA;9=W\xC4\xBD\xEDm\xA0\xB2\xDE\xC4'VmJ`J\xD4\xF5}\xCA\xD9\x01Z\xC5h\xAAj\xE8\x88\xC8\xD0\x1Bt\xCB\xAC\xB5U;\xCE1\x95b\x02\xA8\xA6\x88\xE6k\x07\x05\xD6\xAB\xA8\xB6\xF6\xCE\x8B
1\xF8\x8A\xB7\xB7\xC7\x07\x07;\xE3\xF1p\xB1Y/7\xEB\x98\xB2\x8A\x96\xA2R\xD4\xCC\xF0\xFF\x07\x00\xF6\xAF\x01\x00\x19\xAA\x9A\xAA\x11\x181\x12 \x13\x13\x82\x8A\xA5X\x98\xAB\xF1\xD6\x84\xD9_,\x96Y
\x02L'\xE3\xF1p+\x84\xFE\xE2b\xAEj\x08,Y\x16\xCB\x0B\xD7\x17!G\xCE\xB3\x15e\xA6A\xA0\xDA\x99\x16TV\xE5\x84\xAE*\x19J\xCC\xC5\x10\x11\x10\x01\x89r\x92\xB3\x93\x0Br4\x18\x0F\x08\xC0D\xDB.>>\x9B\xF5)\xAD\xDA\xCDj\xB1\xC91\x97(\xB9/9\xE5R\xD49FD"\x14Q\x11U5"@B\x00\x90l@@d\xCC\x8C\x8Cf*\xD9\xD0\xBB"P\x8A"\x1B!e\x91.\xC6\xA3\xE6\xF0h\xFFh\xBD\xBEx\xF4\xF0d{k:\x1D\x0E\x02s\x8C\xBD[D\x89\xA6
\x06\x08Q%\x8A \x98\x9A\x00a\x06'\xC5bVQ\x04 \x11,ID\x05\x80\x00A\x92\xA4.2Q\x8C9\xE7\x82f\xB3\xD9\xB2\xED\xFB.F\xC9bb\x06\x86\x84\x00\x80\x08H\xF8\x84\xAA\xA9*\x98\xA5\x94\x97\x86\x9E\xEA-\xB6\x01\x14\x12\x14\x116R\x15\x83\x9F \xE6\xAEM\x06\xC0\xCC\xE8p\xB3iU\xB4\xA9\x1B\xD02\x1DOr\xD7\xEB\xAA\xA9\xFC \xD4\xAE\xCF\x10\x8B\x15\xB1\x92e\xDD\xF7\x8B\x1Eh\xE4\xDD\x805P\xCC\x90R*\x19\x01\x1D\x00\xC4.\xABZ\xE5\x9C\x190S\x11011%&U\xBB\xB8X\xF9\x8D\x17\x133\x05\x03\x00\x04@S\x83\xFF\x8FY\x11Y\xAD7\xF7O\x97\x00\xF8\xE2+\xCF\xFE\xCAs\xD3\xF4\xE0\xFD\xB7\xD6~..\x15`.H\xA8fj\x00\x80\xEC\\\xEC\xA2\xA9aEQ\xB2wn\xB5\xDE\xAC\x96\x17"\x91\x10\xFBv\xE3\x0Ew&\x93\x09\x988\xF6\x04\x19UT\x8AjQ1S\x87U\xC3\x02\xD8\xB6\x82\x80\x8EY\xD5JQ\x020U\x02\xAB\x06\xDE\x8C\xC4H\x04K.\x08\x80?A\x08\x00
f\x80\x80f\xA6\xAAf\xFA\xC4\xF9"\xAE\xE2\xDA\x90\x0Fw\x86\xFF\xDE/<\xF7so<=\x82t\xF9\xD1;\xB6z\xF4\x15\xAB\x7Fo\xBE\xB7\x80\x10\xA4$A\x04 "\x00P3\x91\xD2G@\xC1@A\xCDb\x8A\x9Bn\x95\xD3\xA6\xEB\xD6\xC00\xDF\xAC\x16\x9B\xE5p<u\x95\xE7\x95\x9A\x8A\xA1\x01\x18\x90s\xF50\xB0\x03\xED\xD5\xD4\x8A(0\x10\xA2\x1505\x15\xC9\x19\xEBaM\xCCX\x14\x00T\xD0\x0CJ\x16Bt\x15\x86\x81g\xC7\x9BM\x0Fh\x84v\xFF|\xD3g{\xE5\xE6\xE1\x9B/\x1C}\xE6\x95ko\xDC\xDC\xFF\xC8\xD3\xBB\xF0\xF4\xD1\x1F\xFF\x83\xAF\xFC\xE5\xBF\xF7\x83\xE1\xF1%#Fv\x15J\xC9\x86\x88\x04\xA8\xA4LT\x8A* Y\x86\x02\xF5 \x8C\x06\x8D\xAA\xCC\x16\xF3R6mj\x85y#\xFA\xE0\xEC|+\xAB\xF3\x9E\x98\x88\x99\x18\xC1W\xCE11A\x08\xACE\x05!\xAB\x94R\x94X\x81S1\x87\x80\x88E\x14\xD5\x8A\xE0\x13\xCC\\\xB2\x10\xA3\x1F\xB8z\x14\x1C\x93\xA1\xD9FL\xCB\xC9E\xFB\xF4\xA5\xFD\xBF\xF5\xCB\xAF\xFE\xF9\x8F\x1Dl\x0CH\xCBr\xF6\xE1\x0F\xEF\x0F?\xF8\xE1\xD5+\x03\xBC\xFE\xCC\xFB\x8FfWv\x07\xDE
*("\xAA\x023!\xAA\xA1*\x81\x9A\xA88\xE6\xDA\xF9PU\xAA:_\xAE\x97\x9B\xF9r\x11SVs\xE9d6\xDFt\xD99GU\xE5\xEA\xBA\xCA\xA58\xEFA!ue\x18\xFC\xD6\xD0\x0F=oVi\xDE\xA6MQ6\xDBr\xB0\xB2\x8A\x08\xCC\xC4\x90E\x01\x88\x98\x1C\x11\xE1`\x1C\xC6\x93\xA6\x94\xBCY\xB5%\xC5yo\x87[\xD5o~\xD1^\x7F\xE1dv\xF2\xE0\x87'\xF7\xCE.\xE0d\x11\x1E\xCF\xD2NH7\x06\xF6f\xF0\xBF?\xF4\x01\x0B\x18!\xA0\x01\x00"1\xB3s\\\xB9P322S\xA8\x83\xAF|\xCE\xA5\xED\xFB\xB6\xEB\xCF\xCFg\x9BMK\x84]W$[u\xE8\x9D\xF3\xEC+\x8F\xCEi\x111\x93ll\xE8\x1CM\xB6\x87(
\xB0\x8A\xA2'\x85\xDF\xF0sR\xFAV\xAA\xB7k\xA8\xBC\xC5X@\x91+VQ$\x03\xB2\xDC\xF5=[\xDF\xF7\x8B\x8BM\x89\xE5\xD1\xAA\xFC\xD57\x8F_\x7F-\xDE~\xF7\xAD\xD5\xD9l>\x97\x93\xC5\xF4\xC7\x0Fk\xC7\xF1\xB9g6\x07U\xFF\xC9\xD1\xCE\x1F\xCE\xF6\x8A\x14FUD\x02$&dvU\xE5\xBD\x0F\xB5\x07\xCF\xC3A3\x1D\x0F\x99\xA9\x8Fi\xB1X-W\xAB\xD8\xA7\xD8\xF5*\x12\x82G\xC3Pm\x1C0\x19b\x16\xCDEI\xB4\x01\xE3b}/\xD0\x0B\x9AF\xC4%T/\x87\xF6\xCF\x0F\xCE\xFE\xA7\xF3cO\xE8P@\x05\x0CM,\xF5*Y\x01\x91\x19\x13h\x89}\xBB\xE9K\xD6\xAE\xE8\xF60\xFC\xD2\xAB5\xC0\xE3\xADz\xD9*`\x19\x8F\xD5~\xEA\xFAzwWv\xF6\xE1\xF2\xB0\xDA\xBE\x87\x98%\x93\x01(\x10"32#"\x11\xB2cS\xA8*\xEFk\xEF\x1C?\xA1\xAA1\xA6\xD8\xA7\x92\x8B\xA4Rr\xB1\xA2\x9B\xD0"\x91k7e\xB9\xE86\xAB\x0E\xC1j\xC6QM\x9Au>\x8B\xD2\x15$\x94$\xE7k{m\x9C_x\xE9J\xFC\xCE\xC1\x9D\x0F\xE66I\x83QS\xC4bW\xB4(2\x8B\x02!\xA4\x9E\x00AJ!\x82\xBB3\xFB\xD2G\xEB7\x8E\x7Fp\xEF[\x1F\xB8\x10r\x1A\xECLt\xDA\xE8b\xCE\xE3\x1A\xD63?\xEF\xA41\xA8\x11{\xC5@\x06\x80\xC4D\x8E\x14\xB4\x88r\x01b\x05\xB1\xDC\xA5E\x96\xBA
\x80\xC6\xCCu\x1D:)\xF4\x04" \xF6]\x02l\xF9\xDASG\xB3\xB3U\xD7\xA6&\xB8\xADQ\xB5=t\x84\xB4.\xDA\x15\x8B\x9D\xB6\x9B\x127v\xC1\xFC\xA5O\x9E}\xE1)\x1F\xA6\xD7Oe\xFF\xCEy>\xBFh+\x89&"ED\x05\xD0T\x14@\x89\xA8\xCF\xAA\xDC\xFC\x97\x1F?\xBFRn\x9D\xCE\x07\xEBU8>\xCC\x1E-46\x1C\xC2\xE6\x1CK\x87\xA3\x1D\xBB:M\xCBu\xFD\xFF\xAC\xAB
$\x04\xE7\x9B\xC0\xCE\x01\x00\x93'\xE7\xAA\xC6{\xE7\xC0\xC0\xD4R~"\xF1OP)E\x8A\x96\x94\x90+\xEF\xAB\x8A\x8F\xAF\xEE\xAE\x97\x9D\xAA\x85\xC0\xE3\xA6\x9A\x0E\x18\x00\xD7\xC9\x04Y\x145kRB\xC3?\xF7\xCC\xBBW\xF7\xEF\x7F\xEA\xC0>\xF3\xDC\xF4\x8D\xE9\x83YW\xFD\xE1}o\xA5\x1Dy\x03D \x020\xEF]\x1D\xE8\xFD\x0B\xFA\xF7?\xDE\xFC\xA5Kw\xDF\xFBQ\xE9\xDB\xF0\xD6\xED\xAA1\x8D-\x06\x8A\x82w\xDF\xE7P\xC3\xC1\x9D\x8Cuw#_?k\x16\xE0\xB6'\xF5h8`\xC7\x00\xE8\xBC\xAB\x82\x0Fuh\x06\x81\x19E\xCA\x13\xFA\x84\x99\x01J\x11\xC9YD\xCD\xD0\x87\xAA
\x81/_?\xC8)\x8BY]\xFBQ\xED\x06\x9E\xD4`](#\x9A\x81\x8A\x01\xC0&\xF2\xE7o\xAE\x8E\x0E\xFA\xE5\xC9\xD9\xF0\xE2\x9D\xE7\xB6O\x7F\xE1z9\x185o\xCF\x87?:\xD3\xADJ=\x19\x028\xEF.\xA2~\xEC\xF9\xE9\xDF\xFA\xC8L\xCF\xEF\xDA\xC4{\xC6\xDD\x89\x90\xC2pb\x0E\xEC\xC1\x1D\xCE\x11\x07\x01F\xBB\xBAZ\xBA\xAB!}\xF7\xDC\xFD0N.\xEF\xD4\x93\xE9\xA0\x09\xBE\x14\x01\xE2\xF1t2\x1A\x88HJ\x06-\xCB(jh&1\x17\x145-\xCE{\xA4'\xD8U\x8Eb\xCC\x86h\x00\xAAj``\xA6\xC5r\x97\x96\x8Bn\xD3\xA6\\
\x11\x14\xF0\xAB\xE8 \x02\xD7!\xC3\xC3\xF90\xE5\xB3_{\xFD\x9D\xBF\xFF3\xCB\x7F\xFB\x1A\xDC]\xE2\xB2W\x8F\xE6@\x1EK\xFD,-v\xEF\xDE^d7\xD9\xB5~\x8D\x15\xC0\xC1\xD3ez\xA9\xF4\x1B\x82\x02\xC1\x01\x1A\xB4g\xD4\x1C\x97\xC1K\xE9\xC6\xC4|U\xD7\xB5\xAF<\x85
\x07\xB5\xDF\xDE\x1Enm\xAB\xCA\xE5\x9C\xDA\xAE{\xFB\xA4\xFD\xE9\x9B\x87\xAF\x1COg\xAB\xD4\xF6\xA5d\xC7\\y\xAA\x9B j}\xDB\x93\x14Q5\xC7\xE4\x10\x1C\x02!\x88h\xEAs\xBB\xEE\xFB.\x89\x98\x82\xAD
\x9D\xAE=(\x80X\x18\xD8p"\xE2\xABy\xB6\x9B\xE3\xF7~\xE3\xF3\xEF\xFD\xE7\xAF\xF7\xA7]\xB8u\xA6\x0FW\xFA\xFC\xC4\x8Ef\xA7\xABu\xCF\xAD\xBB\xF7}?\x7F\x8Cg'\xD4.(\x8CT\x12\xE4\x88\xDE\x9B7\xA3b;/f\xD8\x16\xD6P\xD5NE\xCD\xF4\x89\x10h<\xF4u\xE0\xC1\xC0\xF5\x003\x1B\xBE~4\xFD\x0F\x9F\xBE\xB3\xEB\xCFV\xC9\x8B\x88\x99y\xCF\xDE3 \x88\xE8z\xDD;\x00 D\xF2\xE4\x08\x09\xC0\x0C\x10\x00\x01PU\xB3$\x002h\xBBt\xFB,\x80GS\x94\x0E\xD8+\x01>\xB1\x9A\xF8a\xC8\x7F\xE3\xF0\xDE\xD3\x93\xEB\xBF\xF9\xCE\xF6\xAD<\xFE\xE5+\xF3\x7Fw,_\xBD\xBB\xB3\x83\xDD@\xB4
\xBC\xE9\xE9\xDEmW7Z\xD5V7\xA0\xC94Z\xE9`\xF1M\xE7\xCF1\x01\xD7\x01R\x91\xB6/\x08\xE6\x11\xA5\xA4>v\x17elF\xFF\xCE\xE4\xE1_}\xED\xBC\x0E\xB7\x1E\xCC^\xAE\xEB\xAB!\xF4\x8CP\xD4\x08 '\xCD\xB1\x94,\xAE
\xBE
\x84f\x1E\x01\x89\x0C\x8C\x08\x07\x95kE{\xD5\x14\x15\xC5J\xCA'+\x02\x04\x17,wH\x04\x88\xA6\x05\xB1X\x8B\x9E\xA1|\xE9\xE5;?\xFF\xF2\xFC\xFBg\x07\xC7\xB8\x98_\xB4o=\xDA\xBD\xB6\xC7\x1F?\x8E\xE7+h\x95\xEB\x02\x1F\xDEv;;\xB2\x7F \xEF\xBC\xEBNz\x1A\xAD\xF5\xF6\x07\xD5\xD5i?\x99\xA3&S\xE9R\xE3\xB9+r\x92\xEB\x09\xB9O\x1E\xAE\xDE,?\xBC!?\xF6\x18[\xE3E\x9A\x8Cj\xF0\x95C\x03I\xB9\x8BY\x8C\xB4h\xC9\xE2@\xC1\x08\x98\x10\x11\x10\x90\x88\x18!T\xE0\x0B\xC5d*\xAA\xA58H\xE7\x1B\xB2{6\xA9P:D\x07\x86 \x195\xE3jS\xA7I!Y\xBC2\x9AYM\x9B\x01\xFFt\xDF\xDE?m>4\xB7\xBD\x1B]o\xC1[30\x87\xF6`\xE6\x1E^8d\xEC\x90v\xB7\x95<\x86\x92K\x11Ec\xD2\x07\x8B2\xDE\xDD\xFB\x9B_8\xDA_\xDF\xE3\xF7\xDF\xAF\xF4t\xF7e\xA0-\x98]4\xF3\xDEy\x14\x11C\x95\xDC\xC7~\x93
\x90\x1A\x9B\x82\xDBlzvN=9\x87\xA2\x98\x0BV\x8C\x8E\xA9\xAA|E\x14cq\x88;\x8C\x0F\xE7\xE1\xF1\xCA\xEFo%,\x88\x0E%"\x05c\x07\xDEk\xD5\x18\x82\xCD>\xAC\xEB-\xD9\xDA\xCE\x15\xC0\xFE\xB4=?\x85\xC5\x197{\xBC7\x88\x1C4\x0C\xED\xCE\x07\xE1\xE1c\xD7\x0C\xA0S&'\xBB\x83\xB4\xC94@\xEA\xBA\xF6lf\xBB{[W\x8E\xA7\x7F\xE7\xB3\xCD\xA7\xA6\x7F\xBA\xBA\xB8\xF5\x0E\xBB\xBD\x1B4\x9A\x1A2<ZW'\x0B\x18\xD613@\xCA\xDD\xAA\xCDY
\x92\x91G@W\x8A\x89\x14P@\xF2\x08`j\x06\x86\x88\x8E\xC93\x19\xFE\xC4\x98i6\x1F\xDD^4\x07\xCFvv\x87\xB96S\x90\x1E f\x1El\x89f8\xB8\x11\x8B\xD1\xE2\x91;\xBD\x1D\xBA\x9E\x9D7@\xBB\x98\xD3\xA8\x86g\xAE\xF7\x88\xF8\xF8\x81\xF3\x01\xA4\x10gl\x1As5\xEE\x99\xFC\xC1\xAD\xF5dr\xEDo\xFF\xEAK\xCF\x0F\xE3\xC1\xF2\xCE\xC1\xE2\xAD\x1F\xDD>\xD9\xBD
\xCF\xBE\xA4*\x90"\x86\x1A\xEE\xCE\xC3\xE3\x15\xD4\x9CA\x10\x8AH\xD1\x92\xB3:\xCF\x0C\x06\xE0\x00\xC0\xC0\x10P\xCDD\xD4\x14\x88\x08\x0CL\x8D\x1D\x85\xE0Mm\xE8\xB8\xF5\xEE\xEB\xEFl}\xF2\xD5\x99\xF7\x96z$gq\xCD9b5V+\x80\x08)S\xEA\xC9\x04\xC6S\x11\x83\x90Q\x91S\xE6\xAC\xD5\xC3S\xAD\xD0\xC8\x19:\xACM&\x8D\xA2\x83\x98\xB1\xC7\xB2}\xED\xF8\xD7\xDF<z\x1D\x7F\xBC\xB8\xF5\xFE\xA0z\xF8\xC1\x92b\x1Al\xE5\xC8M\xD1b&\x00\x0En\x9D\xD7}\x06\xC9"Hl\x86\x84@\x84H\x00h\xAA\xCEUD\x88\xCE\x81!\xA8=\x81\xF0\x84*\x1A\x9A\x9A\x02\xB0\x19\x03\x1CO\xD3W\xDE\xD9\xFE\xD5{\x83\x83\xC3.\xC5\x8A\xBDq\xA3\xB9cOj\x02\xE4\x00\xD1\x9C\xD7"4\xDA\x15`C\xA5\xF9"\x81\xB9\xBE\xE3\xC7\xA9\xF1\xAC{{\x1DR\x92\x08\xD0x)\xAA\x09f\xA1\xFE\xB3\xAFx\xD7}\xE7\x8F\xBE\xFA(\xDB\xE8\x99\x9B\xE1\xE0R\\\\\x08(\x94HH0h\x046xk>\xD9\x1E\xF3pT!b)\x84dPyCRE0\xE0\xC3K\xBB\x84\x86\xA6\x15SE\xEC\x1D2B\xCC\xB6I\xD2\xE5RD\x1D\xF0\xD8\xD3\xD0\xC9\xDB\x8F\xBC\xD7\xFC\x89\x8F-5:)\x88\x04\x06\x907T\x8D,\xB5\x04\x80TCZ\x93\x08\x96\xC8g\xE7n\x182\x08d\xE0\x9DI\x1E\x8E\x92\xF7:\x9A\xAA\x1F\x03\x81\xEAR\x8C\xC7S<\xBD\xB3X.\xDB\xA7\x9Eu\xD3\xB1\x1A\xE1p$\xC3\xB1ZAcp\x0E\x06u~\xFF|\xF4\x8F\xDE{\xEEp\xD7\xED\xEF\xFA\xAD\x9D0\x9C\x0E\x80\x9D\x11\x0E&\x03\xE7\x18\x00\x9C\x15q\x81\x1D19V\x040\x04D\x000\x03S\x05\xA3Q\xC0\xE0\xA1\x14\xD8\x1B\xF7\xBF\xF1\xD5\xAD\x9F\xBE\xB1y\xED\xCD\xE5\xFA\xC4\x97H\xBE\xB6\x02Pz$0\x13\x94\x84\\\xA9D\xAA\x1A=\xBE\xDA\xD7\x03\x8Bk\x9D\x9F\x1B1\x90\x07%T6\xED-T\x02\x00\xA1\xC6\xB8F\x02\xAE*3\x8A\x93]I\x89\xAD`\xE9\x81\x07f\x06\x80\x00\xB5}\xF3t\xE7q\x19_\x1Ev\xD3iU\x8F\x07\xCAU5*\xE3M.*}\x9B\x9Cg\xE7\x1C\x01\x80\xF3\xCC\x9E\xC1\xB9Bh\x08\xEC\x90L\x18iXW\xD3\x9A\x02\xE3*\xA2\xC7\xFCP\xEB\x7F\xF2\xED\xED\xD7^\x9D\x13\x99
<\xE1\x86VZ\xAC\xC7Z\x04\xEE\xBD\xD5\xEC^N\xEC\x0C\x01\x9A\x09\x90\x83\xF1\xA0\xD4C1E\x11 \x86v\xCE\xED\x12\x0Fn\x14\x11T\x13
\x16\xC6f\x08.\x187\x10\xBC\xB2\x9A8\xEC[\x1E\x8EKS\x17\x88\xF0\xAD\xF3#\xD2\xB8X\xE5P\x93\x1Fa\x184#\xD3\x926\x96\xA1\x1ET\x84\xE8\xEA\xA1W5C\xCCEC`\xAEXA\x81\x94=\x07\xC4a`f0\xC0\xBE\xE8:\xE9\xF14\xBF=oV\xF7\x9B\xE1\xA4l\x04\x80@3\xB8\xCA\xFA\x15!\xC3\xFE\xF5\x14\x06\xD2\xCD\xA9\xDF\x10;[\\T\xF5@\xB6\xF7\xB3\x15\xB3\x0C\xA08\xDC\x96\xC16\xA8b\xE9!\xD42\x9C\x8A\x11<a\x84a\xA0\x1A\xB1\xF4\xD8lI>\xC3j\xA8US\xDE\xB9\xBF\xFB\x9E\x1C]\xDA\xEE\x15(\xA1\x8F\x8Ae\x9D\xE2F\xFAM_JI\xB9\x94,\xCE\x90\xC8\x91\xA9\x00\xA0\x01d\xB5\x8AQT\xD9\x91w\x04\x1E\x95\xB1+\xD6\x9A\xA1\xA7\xEDJ\xEF\xC6\xE1\xF7\xCE'\x9F\xDE=\xA7\xCAD\x90\xD9\xD0\x19)\x98\xE1\xF6q*\x99\xDB\x05m.\xC89(\x19R\x0F\xA7\xF7}\xDDXU\xEBz\xC1\x0C\x86\x04\xBE\xB1\xE9A\xC9\x91\x8C\xA1d"\xB2z,\x12\x11\x11b"]\xC3\xCE\xE5<;\xF1\xA1M\xF7a\xA7\x1A\xE1\x80L=\xA5\xB8F\xC3\x92z+%o6QU\xC1\x80J1\x155\x005-YR\xB1$*\xAA\xA2\x82\xA6},\xF3MYd\x13\x04f$Fe^e\x84(R(u\xA4\x80*\xE8j0\x85~A\xE4`\xB0#\x93#u\x8D\x1E\x1C\xC5\xBE\xA3\xD9\xE3\x8A\xBD\xB27f\xF5\xCE\xA4 \x9BI\x0B\x86&\x05\x11\xAC\x1E\x8B&\xD4\x84\xBEQ\x04\xC8\x1D\x11\xD9t;\x15\xE6;ez\xA9^\x0F\\\x1C5j\xB1\xEF\x16\xCB\xB8Y\xC7\xD8!\x81\x0F\x84h\x92\xB3\x8B]\x0E\xB5\x0F\x8DCSQQ\xE5T\x8C\x9Ep\xA0\xAA)i\x16\xA3\xCA\x99\xA9\xA9\x19ZQ\xDD\x94
\x00\xC9\x99\x0B\xE0\x1C\xB4\x17\xBC^\xD2\xE1S)\xAE\xD9L\xAB\x89\x8E\xF6JK\xEC<\xF8
\x97k\x97#\x0F\x87i\xB2kL\xB0\xCB\xF9\xEDw\x9B{\xF7\xC7\x9F\xFA\xD4r\xB8[\x00\xC0\x05\xED\x16\\\x04\xBB\x15\x8F\xF7J\xBF\xA6~\xE5\xA6G\xDD\xB7\x7F\xB4\xF7\x8D\x07\xC3-^k\xC6\xF5*k*\x80l,Ba0\xA9\xC5p}\x11\xDBUO\x00\xE6<1\x13\x98I*9e0D\xE7\x9C\xE7\x925\xC6\xDCwi\xB3\xEC\xAC\xCF\x98K\x8Ar\xFB\x91^D\x07\xDBT5ZU\xAA\xC5\\e\xC3\xA9\xA2\x01\x18\xA4\x0E\x09\xC09\xF5^\xC3X.=\xD5\xAB\x14W\xD8\xAE\x99\xBD\xF9FG\x13Y\xB5\xFC\xDD\x93\xA1\x08G\xE2*K+F\x02\xD7\x18;\xF5c\x1D\x1D\x8A\x9D\xE9w\xFE\xD7\xFA\xB7\xDE\xBD\xBCA\xB0\x8A\xA9\x0EE@\x15\x00P\x01DJ\xDFE\xCD\x05Ls\xCA\xAE\x19Vu FUS3\xD3"\xD9q!60"F,\xB1\xA8)\xC6\xDE\xB7\x12\x06C\xFE\xC2\xF3ty\xAB.\xA9\xE1*\x8A\xE0\xFA\xB13\x830\xB0\xF6\xC2\xF5-\x91\xB7jm\xD5\xD0\xE8\xD0\x10@2\xEC\x1F&4H\x05'\xB59gwO\xEA\x9B\x97\xE2\x14\xCE\x90\xB4_S\xEA\xD8\xC88\x00\x82\xF9\x91\x12\xA1\xEF\xCA\xFF\xF2\xED\xE6\x7F8\xFB\xC8K\xAF\x8CwBj\xCD\xA9Y\xE5\x11|\xC5\x8Ec\x81\x9C%\xF5\x86\x00\x88\xC4\xEC\x9E\xA0\\\x84=2aQI\x06X\xC4!\xAA\xC8z\x9D\x1F\x9C\x97V\xC2\xCD\xA3\xFA\x85\xFD\xFC\xB3\xCF\xF6\xAF\\Z\xBFv\xBD7\xC4\xE5\xDC\x90\xD0\x07\xAB\xC7\x9A7\xA8\x11$\xE1x\xAF\xA8B\\#0\x84\xA1\x99\x82\x01\xF8\xDA<\x1B\x06s\xCE\x00!\xD4\x1A;\xBA\xF1l\xA2\x81\xCE\x1F\xB80\xB0\xB0k\x08\x86\x00\xDA\xF1\xC3w\xF0\xFB\xDFs\xE9\x8D/\\\xDD\xB8\x8B\xD3\xF7\xB7\x0EjUA104$`"\xB0@hfL\xE4\xD8\xB1:\x97\xFAR\xD7,\x06`\xE6\x837\xC4\x93\xB5.\xDA4\xAA\x9A\xE7/\xED}\xEEuxa\xEB\xF4c\x87\x1F>{\xD8\xB2\xDB@\xD2~C]\xA1Pc\x89\x94;\xA8*eD3\xA4\xB1\x923\x07\x90Z\x8C+r,\x80@\x88\xBE2\xE7\xD5\x1C \x82\x09\x8C\x86\x852\x0FvK\xEC\x08=`\x00&\x00\x84\xF5\x9Ck\xB1\xF7N\xEA\xAF\xF0\xB3\xBF\xFE\x8B\xCF\xFCB7\xFF\x8F\xFF\xE7\xFA\xFB\x1Fln\xEE\x87\x14\xA1dD\x879\x09\x82\x05F\xAA\x9C\xAB\x1C\xA7\xD6u\x82\xAF\x7F\xE2\xB9\x03\x87w7\xA0\x81c\xA9\xEA\xE1\xF0\xB5c\xBC>j\xDF\xBCa\x9F\xFD\x08\xEF\xD6\x8F\xA1}\xA8\xB3\x14\x9D\xCB\xC8\xA5C\x04@o\x8FO\xAA\xE1T\xC6#)\x09U\x90\xBD\x11\x9Bf\x04\x00B\xEB\x96L\xDE\x9A\x89\xC6\x1E\x81PZ8\x7F\xE4\x8Eod\xF6&\x09\x90\x91\xD1JDp\xE0jM\x1Du+v\xCE\xAAF\xDB\x95k\x9A\xE1`{S\xDFx\xE6~\xFB\xB1\xBF\xF9\xDB\x0Fn?x\xB8\xC32i\x82\x80\x13\x83\xDA\x81\x81\xA1g_3\xC6\xB8:Kn\x99\xE1\xCDm\xFB\xFCu\xF9\xBF\xCF\x07\xAF]\xE3O]Z}\xEE\xE9\xD9pg\x09\xB3\xD8=\x88\x0B\x06\xD1
\xA0\x89\x0Bh\xB6\xD5\xD5\xA0\xD9\x08!\xB6\xD8\x0C\xD1\x00T\x11\xC1JAH\x08
\xF5P\xCD\x00\xD9J\x876\x01W\x01\x98
\x130\x14EG\x86\x0E\x01\xAC[1:\xF3^\xAB\xC6\xD6sJ\x99w.\xC5\xDC\xE3x+k9[\x9C\xEBj\xF6\xEE\x95+\xF6\x9B\xBF\xF2\xEA\xEF\xBE\xB3\xFF\x8F\xBFv\xF7\xD6\xC9\xE9\xD1VS{\xAF\xA5H\xD1nY\x92\x08\x88J'\xF8\xDCO\xBD\xF0\xD4n\xF8o?~\xFE\xCA\xB5\x198\x86\xBE\xCD\x95$\xE2\xD5\xA3*e\x1A\xEF\x09\x09\x80\xE1z\x89\xAE\xB6\xC1X\x05 g\x1A\xD6*\x02)\xA1)2Z\xCAh\x80\x08\xB0^\xD2d\xA74#kg\x84\x08\xF5T%bj\xD1\x05\xA8\x86\x1A;\x0C\x8D\xA55\x96\x84\xD5\xC8|\xA5}G>\x18\x01\x96\x02\xBEQf\xDB,\xB8];\x82b\xC8\xFB\xBB\x97\xC2\x8D\x97\xCF\xEC\xA9\x7F\xF0\xAD\xD5\xEF|\xFB\xBD\xBC>\xDB\x0E\xAE\x02\xEA\xFA\xB2Y\xA6\xAE+E\x90_|v\xF7\xE1\x1A~\xE7V\x1D,}\xF4x\x8E\xD7\x8D\xA7(\x9D\x1B\x8C\x8D\x82\x99\xA1wV
\x8C\xB7\xA5\xAA\xC1\x00\xAC \xB3\xA5\x08%\x11(\x82\x00"x\x07\xEC\x8C\xBC\x89\xA0w\xC0\xDE\\\x05\xED\x05\xFB\xDA\x88a\xB3`#`D"\xD0\x82}\xCB\xD5P]0SX\xCCB\xEA\x1CdCE\x06S\xE2\x00\xECa8ef?\x9F\xC7\xD9\xFD\xF3K\xD5\xFC\x93/m\xBD\xFE\xEC\xF5\xA7\xAE\x1E\xDF\x9F\xB7\xF7\xCE\xDA1\xAB\x1A\xB2\x99\x14\xE5\xCB\xD7\xF6\xB7\x87\x0E\xEA\xEA\xFF\xBA\xB7\xFF\xFD\x93\x89W\xDBa\x99L\xB2\xBB*M\xAD\x01\x0E\xCC
\xE69\xF5\x0B\xEA\xE6\xDC\xECi\xBD\xAE2S\x94\x82\x00`\x06%\x92$d\xD6\xC9T@A\x12re\x80 \x19\x87\x13]\xCD\xA9d\xAA'\x8Ad\xED\x82}c\xDE\x19\x18\xCC\xCF\x83op\xD0d\x05\xA8j\xD3\x82%"\x00j!\xE9UJ\x11\x81\x8B\x0B8?_\xD1\xF9\x0F\xAE\x97\x0F_\xF0\xEE\xB0\xC4\xF7\xD6\xF8\x88\xEA\xA7\xC7\x88\xC0\x19\x91\x8F\xAF\xEE+R\xED\xF1`\xA2\xB7\xD6\xC3\xFF\xE3\xDB\xD3\xDF\xFF\xD6\xE8\xAD\x1F\xD7\xED\xDC\xF1\x05Q\xAB\xA3\x12\xCE\xD0=\xA4\x8B\x0B\xC7#\x1B_U)\xAC\xC2\xE0\xCCU\xC8\x95!\x010\x10\x9B\x19u\x0B6%W\x83\x99\xBA\x1AsG\x90!G4\xC3\xA6\xD1\xBE'E\x06F\xC7@l`\xC8\xA4\xCE\x19;RAI`\x06\xB9\xC3v\xC9\x8B\x0B\xD6\x9El\x93\xFB\x99\xF5\xA7\xE9\xC1C\xF9\xD3\xEF\xF7\xDF\xF8W\xEF]j\x1F\x7Fb\x10\xE3\xA3U@;k\xA6I\x11_\xFF\xD4\xF3D\\\x05\x1Fjrb\xD0\xE7\xBE\x87\xB3%\x81\xD2\xC1X\x0E\xA7\xDD\x95\xF1\xFAy'o\xEE\xC7\xD7>\xD5\xC2\x81\x15\x96\x0B\xB7\x9C;)4<\x10)(\xC9\x00\x10\x0C\xA0\xC0fN\x88\xE8\x83\x92\xB30\xD2\x141=\xA6\xE5\x19\x85\xA9\xB7\xB5(\xD6#CP&+Z\x11JI
L\xC4\x80df@\x04\xC8\xC0k8y\xCB\xEE\x9D\xF9\x0B\xAE>X\x87\xD3\xEC\xDEm\x87k\x0B[\x8DH\xA6\xDA\xF7I\xEF\x8E\xF6`\xB2%}\xC47>\xF3\x02\x91#\x04"\xAB\xB26\x80L\x06j\x06\xD4*=Z\xE3\xED\xC7Y\x9C=\xB7\xAF\x9F\xBD\xD9?\x7F)\x7F\xFAz\xFB\xD1\x1B}Ug8q0\x80$\xD4mH\x05JADs\x95!Z\xBFBU\xAFj\xB5\x93\x0F?t\xFF\xF4O\x06\x1F\x7F>\xBFt-\xFA-\xAB\x07\xF9\xECd\xB0\x9C\xD5W\x9EYs\x8D`\xCE\xB4\xA0\x13\xF2\xD0\xB8\xE2\xFA\x9C\x1F\xD1\xB7\xEF\x8E\x7F\xF7\xFD\xBD\xB7\xF2t\xEE\xC2\xC6`\xD5\xEB\xB4\xE1\xD18\x00q,\xD0\xC7X1\x1ElM*\xC2\xBEk\x1D9\xEF+\x07\xAA(\xAA*\x86\x88\x00\xCCPy\xC2\x82\xDB\x83\xFC\xDC\xA1\x88\x99\x82\xFF\xDF~\xB8\xD7}\x87\x8E\xA6\xF2\xDC\x91|\xEE\xD9\x8B\xCF\xDC\\\xEEuv}R\xA6\xBB\x19D\xA1\x83\\8\x15R\xA5\xC1\x00L\xB3\xB60D]\x0C\xCD\xF6\x9Bic{a5[\xF2\xFD{U\xC4j\xF7\xA8\xD4\x13R#5S\x81\xAD\x90!\x95xA\xDF|\xB4\xF7\xDB\xDF\xDB\xFB\xC6brV7\x93\x11y-M\xCC\x93\x01\x0EG.\x0C*\x00\xB7\x9A\xAF\xA9\xEB\x9A\xC1 \xB0w\x9Es\x8C\xCE;\xC7\xEC\x8A\x16\x93\x82E\x85 8\x0C\x1E\x89\xCD\x19\x81\x01\x80yF_\xE1\xEEX\x00J\x12\xBE}\x1A\xBE\xF1\xEE\xFE\xDF\xC3Q\xED\xCAG\xAF\x96\x8F\\\xA3\x17\x0F\xF5\x99\x9D\xFE\xDA\xA8\x9B\xBAl\x19\xA3REvQ\xE3\x83\x96\x90\xDD\x92\xF97nO\xFF\x82\xC0>\xE7\xE5\xE3\xC10\xF8\x01l\x06\x87=\x14\x05\x16\xC8\xF0{\x7F0\xFD\xE1\xE0\xF8n;\xFA\xCE|\xEBB`Z/\x9F\xA2\xA5d\xCAJ\x82\x9E\x9C7\xF2*\xD4\xF7i\xB3.*\\\x12\xAC\x97\xEBPW]\x97\xF1\x93?\xF7\x06;N}_\xDA\xAE*\xDAx\x0E\x9E\x06\x81\x11\xB1/x\xB6\x89\xEB,\xDE\x91\xF7\x9E\x09\x00\x0C\xC0LU7\xBDmZi\xD5\x1B7[[\xF5\xFE\x04/\x8D\xFB\xC6V\xA5\xED\xB3R\x1D\xF8\xCE\xC2_H\xFD\xAB\xCF\xBA\xDF\x7F\xBF\xFB\x97\xE7\xEE\xFA\x94_\xBAZ_\xDD\xAF\x9AU\xD7\x9EtO\x1F\xAD\x9C\xC8p\xD7\xB1\xC3\xDF\xBE}x\xB6\xBDU\x9BV\xA9TP\xB4dR1\x84\x98,+#\xB2\xF7\x0E\x006\xEB(Y\x09\xC1U\xAE
\x8C\x84"\xE2\xCC \xF7\xB1o\xA3Eq\x8C\x00&
\xB1@]{P\xC9b&R\xCC@A\x08\xDB>/\xD6}\xCC\x19\x99\x09\xC0\xCC\x98\xA8\x82e\x88\xCDz\xE6\xFE\xF0N\xD9\xF4
\xC6\x8E\x00\x1D\x02\xCAS\x07\xE8\x83;\x8D\xFA\xDCD\xAA\x80\xE7\xE2\xD7\x1B\x1F\xCD\xCB\xD6\xE0O\xE7{\xA1qu71\xEFvn\\\\[\xCC2\x84hT\x00\x9B\xC9\xC4\x8A\xC4\xB6/\x92R\x8CD`\xE2D\x0C\x8C\xAB\xDA\xB3C"3PS\xAC*\xEFJ)\xA9K\xA9\x172SB1p\x00\x86\x14\xB3\xA5b\x08\xB6\\\xE7T\x0CQWm;qx\xF3\xD2\xEE\x95\xBD\xFD\xCB\xFB\xDB\xBB\xBB;\xCE\x91\xA8M\x86u\x13\xDC\xA6\xCB\x0F\xE7\xAB?~\xE7\xC1\xB7~t?\xC5\xB2=\xAE7\x05?z<EG\x8F7z\xB8\xE5+f\x97S\x886\xAA\\&\xA1\xA1\x1D\x1C\x85f\x04}.\xAB\x99,Wj\x10\x82\xABB\x15\xEAB\x96\x16\xB9\xDD$\xC6\\{\x87\xAC`\x80\x08\xD5\x80\xD9\xBB\xD2g\x15eF"r*hF\xC4l"\x86\x80D\x88(jbj\x88\xE7\xCBn\xC7\xD9`\xEC+\x87\x9F}\xF5\xE5/\xFE\xCC\xEB\x7F\xE6\xC5g\x06\xE3\x01\xE4%\xA0\x02\x08\xA8\x02"\x94\x0C9\xC3j9{t\xE9\xAB\xB7o~\xED\xFD\x8B\xBB\xCB\xF4\xA3\xB3re\x8B\xCEg\x17\xE8\xB9\x0E\x9E\x9C#\xA2\x9C\xA4$5\x81\xC1\x04B\x9D+\x17/f\xE5\xF4\xC3\xB6]G@\x1AO\xC2d\xA7&"-\xB1\xF2\xEC\xBDg\xA4f\xE4]\xE5b\xC2\x98\x09\x04s\x91\x1CE\xD5\x9C35u\xA1\xAE\x9C\xF3\xF2D$\xD0b\x00\x86(E\x88\xF4\xFD\x87\xF3\x9Fy\xF9\xDA\xDF\xFD\xCF\xBE\xBC\xC5\x9E\xAB\xBA\xBA\xB4\x0F\x83)\xF4
\x9BU\x9C}X>|\x9B\xE2FKAt\xAA\x84\x8Cqv\xD1\x94\xFCK7\xF7\x7F\xE9\x8D\xE7\x81\x06\x8BX\xD6\x8F\xDE\xFF'\xEF\x8C\x8F\x17-\xE6\xCD\xD1\xEEX\x1C\x15\xD1v\xD5\x99\x98d\\\xCC\xDB\xB5\x8B\xE7\x8F\xCA\xF2\xA2K\xA94\xC3F\xCD6\xEB\xB6\xD1\x06DE\xC4U\xAE\xAA\x9Aj\x18\x10\x15r)}\xEE\xBBl`R\x8A\x01Tu\xF0\x8An<n\xD4 \xF6\xDA\xA3\x95vS\x0C\x82\x99\x88\\\xAC\xF2\x88\xF5\xBF\xF9\x8B\x9F<x\xE62\xB4\x1E\xFC\xA0l\xA2m\xD6\x86\xA0\xEDZJ\x9E=:\xB3\xE5\x85D\x95\x02\xDE\x07+i\xD9\xF6\xEB6\xD7\x0F\xCEC\xCDu\xB4\xA3x\xA1\xB0\xF8k\xAF\xFC\xFC/\x7F\xFC\x8D\xBF\xFF\xDD\xF7n\x9D\xCE\xABz\xD0\x0BH)\xA9M9\xD2j\x859\xEBr\x9EM\x8B\xAF*"\xA7fYDV-\x1B(\x98\x1F\x043K\x09T\xB5o\xD3z\xD5\xB6\xEB\x0E\x00\x90\xB1\xAEk"@\x02\x87H\xA0`\x9AK\x16QC\xC7\x00\x88\x80\x0F\xCEV\x7F\xF1\x13O\x1F\\\xDEI\xB7>\xD4\xD1.\xD5@\xCD\x90\xC8\x99\x19\x8E<\xA6\x0E\x9A\xE1\xC3\xF7\xEFTJ\xA5 ZL\xEDf\x135\x03\x97\x85\x9C?\xBC\xD8\x9F\xD4\xF3\xE3\xED{g\xDD\xCE\xDB\xFF\xE2\xB3?\xFB\xC6\x7F\xBA;\xF8\xAF\x96\x98j\xA6\x9C\xA5q\x1B\xB3$\xD0m0'\xAB\xEA\xCA;\xCE\x05\xD4\xCC\x08\xACX\xCE1\x03\x18\xFED\xE9s\xB7J\x08\x9ASL1\x96R\x10`\xD04\xCD\xA0\xF2\x81\x1C\xA3K\xC9R\xCA\xFD\xA6\xEF\xD6\x91L\xC1\x1B\x18\x83\xA9\xC5\xFEso\xBC\x08\xFB\xD7\xF2\xC9\x92\x01\x09\x94\x00\x19\x88\x10\x18'G\x93\xA3\xAB\x0F\xDFz\xBB[\xC7MO1I\x12\xED
?\x9E\xADq\xB3\xF8\xF8g>\xFA\xC2\xCF}z\xF0\xF4K/\x82|\xED\x7F\xFC\xCD\x7F\xF8;\xDF<>\x1E\xD7\x97.\xAD\x80)e\xCC\x8A\x06%k*\xB6\xB3?\xDE\xD9\x1D\xAE\xE6\x9B\x8B\xF3M\x11ef\x00@f\x15\x91l\x96J.%\xF5\x09\xD4\x00\x8C\xD89\xAF\xC4T\x85\x80\x84L\xA0".\xC5\\bJ1\x89\x08\x00 \xA0w|\xFF\xD1\xC5\x9B\xCF\x1C\xFE\xDC\xCF\xBC)\xBD\x870\xC4z\x84~\x00\xAE\x06D\x04\x00\x04\xAA\xA7\xE3g?6\xFD\x93?\xFA\xFAw\xEE\xCE\xDC\xBEh\x99%\xB8s\xBA\xBA9\xC6\xBF\xF2W\xBE\xF8\xF4\x17>/\xEEh\xF9p\xB6=\xE5\xD7?\xF7\xD1_\xFF\xCA\xF7\xFE\xD9\xBD\xAA\x1B\x08o6%I\x1FK/\x16\x93\xD4\x93\xC1\xE5\x1B\x87\x87\x07[g'\xB3\x14\xB5\xEB\xB3\x11 \x93\x16\x91\\\x00\xD81\x96\x0C"\x8A\x06\xDE9DS3BB\x00\x15\x8D\x9D!\x1A_\xBA|\xACj\xC4\x84\xC4\xCCX\x07\xD7u\xF1\xFC\xEC\xFC\xEF\xFE\xF5/=\xFF\xFA\xCB\xDD\xAA\xE7\xD1\x84\xAB\x01\xB9\x86\x9C\x07$$\x87H\x00\xC4\xDB\x97\xA7\x97\x0E\xFF\xF0_}\xE3\x1F~\xFD\xDE\xC2\x8D\xDF\x99e\xCC\xCB\xFF\xFA\xBF\xF8\xD2\xF5/\xFFJlA\xBAe\x9E=\xBA\xFF\xB5?\x88\xB3\x0FO\xB2\xFB\x83\x18n/b\x03\x94\x8C\x92h\xDFG@\xDC\xDE\xDF\xDA>\x9Alm\x0FK\xB6\xF9|\x83\x8C\xC8T\x8A\x96\x9C@\x11\x14D\x04\x09\x88\x11\x91*\xEF\x9Cw\\9551D\x02@"\xE6\xDD\xC3]D
O\xD4\xF5x\xD4\xE4\xD4\xAF.f\x7F\xFB\xD7\xFE\xAD/\x7F\xF9\x17\xE22\xF1h\xEA\x9A\x09\xBA\x80\\! \x92\x03\x1F\x80\x1D\x12[\xCA\xEE\xF2\xCD?\xF3S\xAF\xC2\xEA\xE1W\xBF\xFD\xEE\xA6m\xFF\xFB\xBF\xFE\xC9\x17\xBE\xFCof9 \xD7H?\xAF\xA4\xFD\xDE\x1F\x7F\xF7{\xB7\xEE|\xF1c/\xFE\xA5\x9F}\xF5\xDE\xD9\xE2[\x1F.\xF6\xB6\xC7\\93\xF3\xBE
\xE3\xDAU\xDC\xC5\xFC\xE1\xFD\xB3\x9C
 \xE4,%&I\x92\x8BHVvT\x8F}\xA8\x9D\x0F\xBE\x1ET\xCD\xB0\xF2\xDE\x11\x91\x14e\xE6\x10<\x11\xF1\x8Dg\xAE\x87akg\xB4\xBB3b({\xA3\xE6\xBF\xFB;\x7F\xE3\xCF\xFD\xF2/\x96\x8B\x95\xB9\xA1\xABG\x84L\x831Mv\xB0\x19a\x18\xA1\x0B\x80\x84\xEC\x91P7m8\xB8\xF2S\x7F\xF6\xD3\x97a\xF5\xCA\xE5\xEA\x17\x7F\xED?(\xE1
\x19\x92cH\x9D\xCE><\xBD\x98\xBD}\x7F\xB9\xBD\xEA^\x1C\xE4W\xF7\xC2?\xBB\x10n\xEA\xF1x`\x8A\xA6\xA0d}L\xB3\xD3\xC5z\xD9\x81\xA8\x81\x82Ilsl\xA5\xE4\x02j\xCD\xA8v\x81\xABA5\x1C\xD5\xA1\x09\xE3\xE9\x08U\xAD\x08"\xFA\x8A\x89\x18\x10\xDD\xFE\xEE\x18\xCC$\xF6\xEB\xD8\x95\x92\xBF\xFC\xA5\xBF\xF0\xC6\xA7?\xFD\xBD\xAF\x7Fu6\x9B\xA9AN\x89\xC1&\x93\xAD\xF1tkk{wg\xFF8l\xEF\xE1x
9A\xBBFr\xB2\xE9\x89\x9A/\xFEG\xFF\x09,\x1FF\xA9\x1C7\xA89\xCF\xEE\xCB\xC5\xE9\xED\x0F>\xF8\x93\xFB\xB3[\x8F\xF2n^\xAF\xFFh\xB9\xAE\xC3\xF5\xA3\xA3sc\x01\x15U1\xD5u\xEC\xD71'A\xB3\xC8\xE6+z\x02\xC1\x90\xD4!W\x95\x074\x05 &13)\xD8\x82\xAA\x8A\x16@\x05\xF0\x88("\xAEm\xE3r\xB1\xBC\xF1\xF4\xB5\x97_}\xF9\xDA\x95K\xD3\xD1\xF0\xB7~\xF7\x9Fj\xDFI\x91\x94\x12\x82\x15\x11y<CU"\x1C4\xCD\xCE\xF6\xDE\xF1\xF1\xE5\xABW\xAEm_\xBEJ\xA3)\xB4k\xEDW\xD0C\x91A^\x9CBJ\xE4+\x98?J\xE7\x8F\xBEy\xFB\xF4\xB7\xFE\xF9[\xDBa\xF8]\xAE\xDFJ\xFD\xC5v\xB5\x9C\xB8\xCA\xCC\xD4\xB0"M\xA2\x09D@UJ\xCEb\xC5\x07\x0EU\x05\x08\x08F\xE4\x90\x01\x19\xD9q\xEC\xB2\x99i\x92U\xAFVr\x96d\xC6LTJV\x11\x17\xB3\xFD\xEC\xCF\x7F\xFE\x13\x9F\xF8\xD8\xCE\xF6V\xB7\xD9\xAC\x97\x8B\xE2jj\x1C\x95\xEC}H)\xA1\xB3\xD0\x8C\xCDLMg1\xDDy\xFF\xEE\x1F\xFD\xE0\xED&\xF8\xA7\xAF\\\xFE\xE8K\x1F\xB9q\xF3yW\x8Fu\xD5k\xB7f\x17\xF2\xFA\x02T\xEB0J\xF0\xF8\x07\xEF?\xEC\x06\xE3\xA6\x09\xB7\xDAb\xD5\xA0k&\xD5:\x06&\x1F\\\x15<\x88\x89\x93\x92T
H)\x9A0\x16-)zO`\xCC\x15\x99\x1A;"\x80\x92\xA4d)Q\xBCw\\;HZ\x04\xF4\x09S\x03\xF8\x7F\x017<a\x04
endstream
endobj
2 0 obj
<</Length 286/Filter/FlateDecode>>stream
x\x9C\x9D\x93MK\x031\x10\x86\xEF\xF3+\xE6\x0Ft\x9D|o\xAFb\x11\xBC\xA9{\x93\x9EZ(J\x17\xA9\x97\xFE}\xF3f\x12zPD\x86%\xC9K6\xC9<\xE4!\x17\xBA_(d.)\xF3r\xA4\xDDB\xCF\xE4X\xEA\xB7q\xDC\xE7\x0F+\x09?\xD5\xF6A29\xBE\xD2\xDB\xBE\xFE?\x92\xB4u/\x8F=|\x9D~_va's?\xB2\x05\xF4\x87\x95\xEF\xDE\xD7\x93\xF0\xC3'\x8F\x8A\xF5$?\xB9\x8C\x9D\xCEO\xDB\xCC\xAD\xDFs\x9E\xE2\\\xCF\xD9\xE4P\x17\xAD\xD4\x863\xBD\xD6J\x98\x02\\\x1Dt\xE2\x07\xD0\x1F \xBE\x962\xA2x)%\x84\xC1\xE2\xCB\xA0A2\xF1\xC4\xE0\xAD<\xB1(O\x96\xC1\x93\xE2\xE0A2\xF1\x08\x87\xE8\xAD\xA2\xFC<\xAB*\x04\xAD\xED}j\xB2BrF[F\x1E\xD8R\x1E\xF8\x1A@\xF0\xA4HH6((3BAY\xBF$\xB9AA\x96B!\xD9\xA0\x84S\xC9Vo\xD8\xDA\xBC!h\xED\xE4\xC6#\xDB\x1A\xBD\x19y\xE0My\xE0m\x00\xC1\x96"\xE9K\xB3@\xC1\x9B\x11
\xDE\xFA%\xC9
\xB6\x14J\x9F\xDB\xBF\xA0\xBE\x01\x89\xEF\x1A\x96
endstream
endobj
4 0 obj
<</Type/Page/MediaBox[0 0 612 792]/Resources<</ProcSet [/PDF /Text /ImageB /ImageC /ImageI]/XObject<</img0 1 0 R>>>>/Contents 2 0 R/Parent 3 0 R>>
endobj
3 0 obj
<</Type/Pages/Count 1/Kids[4 0 R]/ITXT(3.3.2.0)>>
endobj
5 0 obj
<</Type/Catalog/Pages 3 0 R>>
endobj
6 0 obj
<<>>
endobj
xref
0 7
0000000000 65535 f 
0000000015 00000 n 
0000008806 00000 n 
0000009321 00000 n 
0000009159 00000 n 
0000009387 00000 n 
0000009432 00000 n 
trailer
<</Size 7/Root 5 0 R/Info 6 0 