%PDF-1.4
%\xE2\xE3\xCF\xD3
13 0 obj
<</Length 451/Filter/FlateDecode>>stream
x\x9C\x8D\x94\xCBR\x021\x10E\xF7\xF9\x8A,uALw\xDE[,\x9F;u\\Y.,\x18\xADA\x1E\xC5\x08\xFA\xFB&\x8A\x80\xA43L\x01\x05\x95I\x9F\xDB\xB9\xB9\xF4\x92+\xA6,w\xC6\xF2j\xCC.*v\xC7\x80\xCB\xF8\x1A\x00w\x18\xDF\x92\x8FfL\xF2\xDB\xF8\x990)\x80\x7F\xB1\xA7\xE7\xF8|\xCC\xE4\xCF\xBE\xFB\xAB\xCD\x8F\xF6\x8D\xDE\xB6L\x12g\x97\xC0\x01y\xF5\xBA\xA3\xA7\xAFj\xB6_,S\x0B'\xD7\xF5\xF4\xB3^5\xA3\x97\xD3j\xF2\xDB\xD0\x86\x809\x01 *uB\xF8p1\x1D\x1F\x92TNB\x14x\x84t\xB3z\x996\xA3C\x96\xCEYJ\x09\xD5\xA3\xAB\x02\x900Jk\xA1\x8F\x00\x1F\xE7\xE3\xBA\x9D6\xF3z\x83\x8BE.\x16\x81\xD4B*>\x90\xC2\xF3\xB6f\xAF\x9D2\xC6\x08sD\xE6a\xD56\xEF\xF5b\xBD\xDA\xCA\x18\x88E eA\x86\xB0\xC7Za\xFB\xDB\xB3;\x19!nCD!\xA6\x93\xEE\xB4\xE32\x12\xCB\xDB\x96L\xDE\x92\xF7q\x17\xD5R\xD5\xCC\xEA\x8F\xC3\x1B\xB29 \x84\xC2\x99~\x00d\x08\x1D\x15gY\xB8\xE8_\x0C\x1D\x18O\x80\x10
q\xDE\xF5S\xA0\x11\xEE\x80\xEAb\xE5\xC9\x03e\xB8\x97"\x84\x9E\xEE\x83\xC6.\xFB\x89{\x07\x95.\xCC9J\x80\xB2\xC3\xA8\xA3\xD7\xD3'n`Rt\xC1[\xE1\xFE\xE5t \xD6\xB7\x1D\x05\xA2#g
\x17t\xBEX\xB7M\xDDfSA\x12\x10\xAF\x85\xA5'\xCD\x86B\x06\x0F\x88\xBF>\x848'h\x8B\xFEP\x85iELe\x94\xAA0H\xF6\xDB*\x00\x09\xB3\x10P\x84\xEEs\xE6!D0\xA9\x08\xE2`'\xA7\x00\xA5\x13\xF7\xAAn\x13\xF2L \xF8TT\xD4!R \\\xE8\xEBPg$Q\xE9\x84B\x9F\x94\xF73\x99\xC6\x1F\xF1\xE0\x8E}\x03Zh\xD7y
endstream
endobj
15 0 obj
<</Type/Page/MediaBox[0 0 612 792]/Resources<</ProcSet [/PDF /Text /ImageB /ImageC /ImageI]/Font<</F1 1 0 R/F2 2 0 R/F3 3 0 R/F4 4 0 R/F5 5 0 R/F6 6 0 R/F7 7 0 R/F8 8 0 R/F9 9 0 R/F10 10 0 R/F11 11 0 R/F12 12 0 R>>>>/Contents 13 0 R/Parent 14 0 R>>
endobj
1 0 obj
<</Type/Font/Subtype/Type1/BaseFont/Helvetica/Encoding/WinAnsiEncoding>>
endobj
2 0 obj
<</Type/Font/Subtype/Type1/BaseFont/Helvetica-Bold/Encoding/WinAnsiEncoding>>
endobj
3 0 obj
<</Type/Font/Subtype/Type1/BaseFont/Helvetica-Oblique/Encoding/WinAnsiEncoding>>
endobj
4 0 obj
<</Type/Font/Subtype/Type1/BaseFont/Helvetica-BoldOblique/Encoding/WinAnsiEncoding>>
endobj
5 0 obj
<</Type/Font/Subtype/Type1/BaseFont/Times-Roman/Encoding/WinAnsiEncoding>>
endobj
6 0 obj
<</Type/Font/Subtype/Type1/BaseFont/Times-Bold/Encoding/WinAnsiEncoding>>
endobj
7 0 obj
<</Type/Font/Subtype/Type1/BaseFont/Times-Italic/Encoding/WinAnsiEncoding>>
endobj
8 0 obj
<</Type/Font/Subtype/Type1/BaseFont/Times-BoldItalic/Encoding/WinAnsiEncoding>>
endobj
9 0 obj
<</Type/Font/Subtype/Type1/BaseFont/Courier/Encoding/WinAnsiEncoding>>
endobj
10 0 obj
<</Type/Font/Subtype/Type1/BaseFont/Courier-Bold/Encoding/WinAnsiEncoding>>
endobj
11 0 obj
<</Type/Font/Subtype/Type1/BaseFont/Courier-Oblique/Encoding/WinAnsiEncoding>>
endobj
12 0 obj
<</Type/Font/Subtype/Type1/BaseFont/Courier-BoldOblique/Encoding/WinAnsiEncoding>>
endobj
14 0 obj
<</Type/Pages/Count 1/Kids[15 0 R]/ITXT(3.3.2.0)>>
endobj
16 0 obj
<</Type/Catalog/Pages 14 0 R>>
endobj
17 0 obj
<<>>
endobj
xref
0 18
0000000000 65535 f 
0000000799 00000 n 
0000000887 00000 n 
0000000980 00000 n 
0000001076 00000 n 
0000001176 00000 n 
0000001266 00000 n 
0000001355 00000 n 
0000001446 00000 n 
0000001541 00000 n 
0000001627 00000 n 
0000001719 00000 n 
0000001814 00000 n 
0000000015 00000 n 
0000001913 00000 n 
0000000534 00000 n 
0000001980 00000 n 
0000002027 00000 n 
trailer
<</Size 18/Root 16 0 R/Info 17 0 