%PDF-1.4
%\xE2\xE3\xCF\xD3
2 0 obj
<</Length 435/Filter/FlateDecode>>stream
x\x9C\xAD\x95MO\xC2@\x10\x86\xEF\xFB+&\xF1\xA2\x07\xC7\xFD\xE8n\xB7W\x135\xF1\xA6\xE9\xCDx\xA8\xB4P\x10(\xD0b\xC5_\xEF\xF2\x15\x0BL\xA1EB\x09$\x94g\x87\xE7\x9D\x19\xA6\xEC>d\xCA\x80\xAF\x841{\x08\xD9\x0B\x13\xC0\xDD\xE3V\x80/\xDD\xC5\xA13b\x1C\x9E\xDDs\xC08
(\xD9\xDB\xBB\xFB<f|u\xDF\xEB\xD3\xE6\xCD\xACG\xDF6]\x1Eq\xF7(@H\x08\xBB\x7F\xF4\xE5K8\xAA~\x99/K\xB8\x0E\xD3~\x0E\xEE\x8A`\x90\x87\x0B(\x92\xBC\x80\xB2_\xA47\xE1`]`=QH\x0C\x0CI\xCD\x8Bh\x1CG\xB3\x18\xF2I\xD4\xE9\x8F{\x08\x10\xA6\x09L\xE7\xFD\xCEg\x03\xB0\xD4\x18H\x12\xFC1\xCB\xCA1t\xB3o\x18\xCCG\x93\x1C\xB2\xAFd\x06E\x9A4\x80*\x8B\xD6\x92\xD0a\xF4\xB3\x808\xEBa\x1D\xC5\xA0u\xBF\xB3\xAC\xD2\x8CB\xEB]\xC8(\xEA`\x8F\xEE\xBB\x13/&V\xEF\xC1m\x80>\x1D\xDB?\xEC
.\xD1\xA73;\xA9W"_\xEBEYm.\x1F-\xA1\xB5a\x0F\xB98<\xC0\xE3h\xE8\x08i\xCB\xF5\xE5\xFB\xF6\x90\xAE\x15\xD2\x92WY\xC1\x9E\xEA\xFA\xDE\xA82\x8DAMC\xB7I\xC1\x99\xB2\x03\xD7\x84tz\xED\xDB\x99\xAF&c\xEF\x04\xC9=\xF4\x9A\xF54\\\xC9#\x93\xA8\x08\xB6\xF0\xD1\xAB\x1B\xC6\xCDp\xFC\x09o\xA4Z*\x8E4qw2N\xFB\xDEYk\x1A\x15\x9D\xDF\xF9kXX\x90\xC6\xA2\xA2\xD3k\xD7\xC9;P\xEB\x84\xD0\x81\xB5\xEB\xE0*3\xF0P\xD2Z\x9B\x0B%\x96\xB1\x12\x01^\xA8{\xCDvUT\xCAVJ\xA2h\xF3GW\xBF\x876\x9B\xA2
\xF74
\xBA\xF8\xB3=+m\x91\xD3\xD9\x1D\xF1\xFC\x0B9\xFA\x0FH
endstream
endobj
4 0 obj
<</Type/Page/MediaBox[0 0 612 792]/Resources<</ProcSet [/PDF /Text /ImageB /ImageC /ImageI]/Font<</F1 1 0 R>>>>/Contents 2 0 R/Parent 3 0 R>>
endobj
1 0 obj
<</Type/Font/Subtype/Type1/BaseFont/Times-Roman/Encoding/WinAnsiEncoding>>
endobj
3 0 obj
<</Type/Pages/Count 1/Kids[4 0 R]/ITXT(3.3.2.0)>>
endobj
5 0 obj
<</Type/Catalog/Pages 3 0 R>>
endobj
6 0 obj
<<>>
endobj
xref
0 7
0000000000 65535 f 
0000000674 00000 n 
0000000015 00000 n 
0000000764 00000 n 
0000000517 00000 n 
0000000829 00000 n 
0000000874 00000 n 
trailer
<</Size 7/Root 5 0 R/Info 6 0 