%PDF-1.4
%\xE2\xE3\xCF\xD3
2 0 obj
<</Length 371/Filter/FlateDecode>>stream
x\x9C\xB5\x93]O\x830\x14\x86\xEF\xFB+\xCE%\\\xAC\xF6\xB4P\xE0\xD6d\x9A,^\xA8#Q\xB3\xEC\x02\x81\x01\x9B\x03\xC6\x98\x9B\xFEzO\x9Df\x1F\x9A\xCC%\x18J\xD3\xB4o{\x9E\xBE\xE7t\xC1.C\xA64x\xAE\x860a\xFD\x90\xDD1\x04A_\x0F\xC1\x93\xD4\x04\xC4s&`@\xFF\x94\x09\x8E\xB0f\xA31\xAD'L|\xEA\xEE\xAF\xBF\x06M\xF6\xBB\xACG\xC7\x0B\x90\xDA\xE3
Pp\x1F\x9A\x94\xD9\x82\x84al\xA2_\\!\xA0\x84p\xB2\x0Bl\xB6\xF8\x9C\xE6\xE6\xFBg\x0BC8\xB2\xC2<\x85\xC5\xAA\x88g\xF0\xDCT\xB6t\xADu\x09\x93j\x03\xD3\xD5\xBC^Be\xA3k\xBD\x9A.m\xA0%\xE9K\xF4\xFE\x06I\x95q\x18\xB6Q\x99DMb\x8F\xC3\xC1\xF6\xA6&\x0E\x06\x84\xA4D`\xE84\xC5\xFC\x1B\x9D\xF4;\x86\xBB)\xCAtXGqQf\x80\xDC\xDD\x1CB:.(E\xAE\xE29\x0E\xBA\xAAs\x0Bo\xCDl\xD4DY\x13\xD5\xF97\xAE\xAE\xDBCZ\xCF0J_\x92\xA5\x12\xB9>\x89+\xB7\x09\xF78\x06\x9D\xA7\xBCI\xDB8\x7F\x02yd(
\xE4\x0E\xB8\xDA\xE1\xFA\x84\xA5r\xDFR\xA4:\xD1\xFF\xC3\xF8\xF8\x93\x91\xCC\x93\xA0\xA4<\xEF\xE1\xA0\x0C\xE8j\xDD2\xF6\xCBd\x09\xEB\xA2\xCDA\xC2\x92\xD2\x9E.\x01\x8E`\x1D\x04\xA5]\xAE\xFD\x03V<\xC1\xEA\x04\x9D\xD7\xA8\xAD\x84\xF5`;\xC22\xB8X\xB70\xB3Q\x90\xAC\xA4Z\xDD1\x7F\x00\xB2
>\xF3
endstream
endobj
4 0 obj
<</Type/Page/MediaBox[0 0 612 792]/Resources<</ProcSet [/PDF /Text /ImageB /ImageC /ImageI]/Font<</F1 1 0 R>>>>/Contents 2 0 R/Parent 3 0 R>>
endobj
1 0 obj
<</Type/Font/Subtype/Type1/BaseFont/Times-Roman/Encoding/WinAnsiEncoding>>
endobj
3 0 obj
<</Type/Pages/Count 1/Kids[4 0 R]/ITXT(3.3.2.0)>>
endobj
5 0 obj
<</Type/Catalog/Pages 3 0 R>>
endobj
6 0 obj
<<>>
endobj
xref
0 7
0000000000 65535 f 
0000000610 00000 n 
0000000015 00000 n 
0000000700 00000 n 
0000000453 00000 n 
0000000766 00000 n 
0000000811 00000 n 
trailer
<</Size 7/Root 5 0 R/Info 6 0 