%PDF-1.4
%\xE2\xE3\xCF\xD3
2 0 obj
<</Length 492/Filter/FlateDecode>>stream
x\x9C\xB5\x96Qo\x820\x10\xC7\xDF\xFB)\xEEQ\x1F\xD6\xB5\xA5\x14\xF6\xBAd[\xE2\xDB\x16\xDE\x8C\x0FD\x9Cb\xD4\xA1\x90\xB8}\xFB\x15]2\x13\xAEJ\xE9\x19Q\x09\x90\xFF\x1D\xFF^\xEF~{\xF6\x9C\xB1\xC8@\x12\x1B\xC8
\xF6\x92\xB1w&A\xD8\xCF\x83\x84D\xD9C\xC0|\xCB\x04L\xECw\xCD\x04\x97pd\xD3\x99\xBD_0qz\xEE\xE3\xED\xEF\xE4\xB0\xC4\x1F\xDB\xDBK\xD9\xBC\x8D\xF3\xF8*A*\xC8>\xFFC\xB4\x7F\xD9\xF6RA\xB4yLG\xD9\xAA\xAC\xC1\x1E9\xAC\xBF6\x9B\x1Fh\x16u\x03\xC7\xB2Y\x8Dg\xD9\xE4\x9C\xE7a)m\x16\xA8v\xDD\xE4\xBB"?\x14PW\xF9\xBC\xDC-yoM\xA5\xB8\xBA\x9E\xEF\xA6\xDC-@\xF5W\xD4\x9A\xEB{9\x10\xC7<\xA6v\xC0\x18n\xFA8\xD0[0My\xEAi\x00H\x1E\x7F\xF7\xAF\x03\x11s\xED\xF0\xE1\x94\xAB\xB7\x07\xD2\x96\x81\xA3\xB4\x86\x96\x81\xB4k\xE5[\x07\x9E6$\x8A\x0BZ\x1B\xEC\xD2%\xA4\xB5\xA0\xD4\x8D\xDD\xD5\xF5\xC0TM\x7F\xF9(r\xAD[\x95\x1F\xC6R\x8C\xF2e\xFB{>\xADV\x03\xFAC,\xA8\x1B\x84J\xFD;\x84\x9F+O\xCE6A\xE4J$\x15q\xD3\x88\xB4\xF1\xEF\x1A>\xA6D&r6\xDC\x15\xDBPO\x1B\xF2\xF4*\xFD\xE3\xA4\xC29\xA5|m\xD6B\xF1\xC4\x91\xF3\xF0\xF1\x94:\xBB\x06\x8D\xD3\xDAhW\x17\xA14Z\xA7\x92G\xAEi\xE8\xEBt,n\xEC\xC8\xEB\xE5l.\xE4\x94\xEDJ\x1A\xA8 \xA8\xABL@A]\xD1`\x0C\xEAJ\x12rPW\x9C\x00\x84\xBA\xA2\xA1$\xD4U\xA4F!\xA4\x1ABY\x08\x91\x0C\x86!D\x93\x9A\x86\x90\x10\xA18\x84H\x86\xF2\x10\xB6\xD1(\x81\x08\xD1\xA7&"$D0\x12!\x9A\xC4L\x84D\xA0\x86\xA2n\x88`*B$\x89\xB1\x08\x89p\x1F.B\x02\x07#d\xB8\x84\x93\x116\xB1\x88\xD1\x08\x09q\x176B\xE2\x04\xC0\x112m}\xE9\xE8\x17ZNU*
endstream
endobj
4 0 obj
<</Type/Page/MediaBox[0 0 612 792]/Resources<</ProcSet [/PDF /Text /ImageB /ImageC /ImageI]/Font<</F1 1 0 R>>>>/Contents 2 0 R/Parent 3 0 R>>
endobj
1 0 obj
<</Type/Font/Subtype/Type1/BaseFont/Helvetica/Encoding/WinAnsiEncoding>>
endobj
3 0 obj
<</Type/Pages/Count 1/Kids[4 0 R]/ITXT(3.3.2.0)>>
endobj
5 0 obj
<</Type/Catalog/Pages 3 0 R>>
endobj
6 0 obj
<<>>
endobj
xref
0 7
0000000000 65535 f 
0000000731 00000 n 
0000000015 00000 n 
0000000819 00000 n 
0000000574 00000 n 
0000000884 00000 n 
0000000929 00000 n 
trailer
<</Size 7/Root 5 0 R/Info 6 0 