%PDF-1.4
%\xE2\xE3\xCF\xD3
2 0 obj
<</Length 292/Filter/FlateDecode>>stream
x\x9C\xB5\x92\xCBn\xC20\x10E\xF7\xFE\x8AY\xDA\x0B\\\xDB\xB1M\xB2$\x90\x84\xA6\x8F\x94\xD4\xF4\x85XT@!\xADH\x0BD\xCA\xEF\xE3\xB4\x95\x8A\xAA$\xCA\xA2\x95\xC7\x1A\xCB\x1E\xDDsg\xE4\x1D\xF2r4\xF4\x95\x06\xB3D\x81A\x13\xC4\x81\xD9\xD5\xE3\xD0\x176\x18,\xB6\x88Al\xF7+b\x94C\x89fs\xFB\xBED\xEC\xB3.\x8D\xBE\x0F\xFBu}\xD9\xCE^\x99E\xC59\x0B9p\x01\xE6\xE5\x07Q%\xB3=U`\x95\x8F\x196\x9B\xEC\x006\x9E\xA1X\x1D
(\xB3b\x03\xF9;\xBC\x11\xC1\xF0jOzB\xE1<\xCB\xD7dn\xE2/\xD7;$\xDA0\x9C[O\x9DI\xE2\xA3hE\xC96\x94\x10T\xD4\xA3\x06\xFEp\xD4QF*\xEA\xC8\x16\xA9 \x8C\xC6\x9D\x1DIIeC\xF3\xE3\x00&\x843<=\x1F^\x80\x9FV='\xC4a\xF8\xFE\xBA\xB3\xBART\xD5\xAB\x87\x09\xD1\x0C?@<\xBD\xBA\xB9\x85\x84(\x86\xEF\x82\xB4\xB3\xB0\xD6T7\xDB\xBE\x1C<=\xC2(\x89\xDA\xE5\x14e6\x97\xA7\xB2\xAEK\xDD\xBF\x9E\x06\xA7Z\xFD\xC2x\x1E\xF5\xFEe,\x9C7\xFD\xE4\xDA\xA9\x1C\x01W\xF4\xD7\xF9
endstream
endobj
4 0 obj
<</Type/Page/MediaBox[0 0 612 792]/Resources<</ProcSet [/PDF /Text /ImageB /ImageC /ImageI]/Font<</F1 1 0 R>>>>/Contents 2 0 R/Parent 3 0 R>>
endobj
1 0 obj
<</Type/Font/Subtype/Type1/BaseFont/Helvetica/Encoding/WinAnsiEncoding>>
endobj
3 0 obj
<</Type/Pages/Count 1/Kids[4 0 R]/ITXT(3.3.2.0)>>
endobj
5 0 obj
<</Type/Catalog/Pages 3 0 R>>
endobj
6 0 obj
<<>>
endobj
xref
0 7
0000000000 65535 f 
0000000531 00000 n 
0000000015 00000 n 
0000000619 00000 n 
0000000374 00000 n 
0000000684 00000 n 
0000000729 00000 n 
trailer
<</Size 7/Root 5 0 R/Info 6 0 