%PDF-1.4
%\xE2\xE3\xCF\xD3
1 0 obj
<</Length 6843/Filter/FlateDecode>>stream
x\x9C\xED\x9D\xBD\xAE+\xDDqD\xF3\xFB\x14\xE7\x05Lp\xFE\xF7\xA4\x06\x0C\x03\xCEd(3\x1C\xC9\x96\x01\x01
\xAC\xC4\xAF\xEF\x99]\xD5\xFC\x19\xAE\xA2\x1D)\xBA\xF8\xA4\x8B\xC3\xBDHN\xEF\xAE\xEA\x9E9d\x1F\xF2\xBF\x7F\xFD\xE3\x1F\x7FM\xEB\xCF\xB6\xAC?\x7F\xFC\x8F_\xFF\xF4\xC7_\x7F\xF85\xFC\xDC\x8F\xFF\xFEa\xF8\xD9\xC6\xE3\x7F\xF7\x9F?\xFD\xF5\xD7\xFD\xE7_\x8E\xFF\xFF\xE5\xD7\xFD6\xFC\xFC\xCF\xAF\x7F\xFB\xF7\x83\xFF\xC7\xAF{\xBF\xDF\xBF\xFE\xB3\x7F\xF8\xDB\x7F\xF1\xDD\x86'\xBD\xFF\x8C\xB7\xA1\xE9\x9F\xBF\xFD\xE7\xAF?\xFF\xEA?}\xAC\xCE\xB7#\xA2\x8F\xD5\xF5\xB6,\x9F\xAB\xED\xB6M\x9F\xAB\xC3\xFD\xB6\x0F\xB0<\xDD\xEE;,\xEF\xB7u\x86\xE0V\x8Cnl\x18\xDE4\xE3!\xA7\x0F9\xED\xB7q\x83\x9D\x0F\xB7\x1969C\x18\xCB\x1D\xA3[F\x8Cn\x991{\xCB\x8A\xE9[\x1A\xEEe\x1Dp/\xAF\x0B\xD7\\#\xD9\xCEM\x12\x19g^^\xDF\x17\xAFZ\x10\x99\xEE\xE7\x86\x91\x8C\xE7\x9E\x91tQ\x88\xCC\xD3\xE9\x10$\x1C\x98RE\xE4\xFE3\xBF\xC7\xFC\xB4<\x81\xEEz\x02\xDD\xF8\x04\x94x$=\xF1Hz\x05\x10\x19\x87[\x1B\x99\x84\x07t\xB1\x90\xB4\xB4I\xD5\x0E\x92-mFba.\xF9\xF0\xAA\x0C$sJ\xB2\xEA\x03u\x19R`\xF7\x9F\xF5\xDDzO\x81\x09\xF45\x02]`\x02\x12\x18I\x97\x91\x88dD\x12\x1E\xD0R\xC0\xAA,$c
Yba^z\xC7C\xD2pY2"\x99S`\x92\x11\xB3?\xA4\\\xDE\x7F\xDA{\x9Fx\xCAH\xA0?\x05\x81\xBEF@2"\xE9uJD\xAA\x10\x91*Hzq!\xE9\xAA\xE06\x1B.+\xF7H\xE6tx\xE5\x1ES6\xA4\x04\xDC\x7Ft\x02\xC7\x8C1\xEA)c\xD4\x8B\x02\xD1\x98\xD6{\x9A\x11)\xCF\x8Cz:\x11\xC9\xE5\x8C\xA6\x18\xDE\xA1\x02\xAE+q\x88\x8E\xCC]\xCE\xBB\xCF\xEB,$\xDD\xD0H\xBA\xA3\x91t\xC9\x90(&F\x12\x0F\x91\xC4\xC3\xC0{\xDFb\xB4\xC6MY$Ds\x8C\xD0\xFAa\x96$\x12\xA2\x10\x83\xAE\xCF\x18\x8D1\xE9\xAA#FkL\xBB\xAE\xD7X\xC5\xE1\xFFJ\xFB\xF2~\xD1\xF3Z3\x84\x9CvBN;\xA2~\x1Eg\xA4\xB4\x13:\xDC|\xB9V|q3\x11y\x96\x88\xED\x87\xA8\x1F\x9A\x8F$\xFB\x11\xD2\xC9\x8E\x91<\x86h\x8F\xC7r\x8F@\x14\xB6k\x8F!\x92\xC7\x10\xAD1r\x1B\x89\xD0\xA1\xC5\xFE~\x11\xFC\xD2?\x88H\x0B"6\x1E!'\x1C\xD1\xCC\xEBv\x1D"i\x84H\x86D$\x8Dp\xB7\xEA\x03\x88\x1A\xAF\xBB\xA21CC\x8C\xE1\xF8\x9D\xAAg\x82\xB2\x8DD\x970D\\\xFB\x88$4"EE\xC8\x8B\x84\x94UF\xFA\xE5
w5\xC40\xE6%\x1EK\x0Eg4\xC7l\xC8\xFC\x8C\xBA\xF9\x11\x1Dr\xB0\xF3?\x97%Dp)\xAC\xF7^\x01\xEBJWp\xE0\xE7\xBA\xB3\xF1\xB9\xAE\xFD~\xAE7>\xAEn^~\xE1~\xD9\x18\x11]\xC2\x11\xF15
"\xD9\x12\x91lI\xC8\x8B\x84\x9CID[<\x96\xF3L\xC8\xDEC\x14b\xB0\xF1\x10\xB5\x18\x9E_,\xC0\xFD\xF6\x9B\x8D~eWj\x11\xE9\\\x8AH\xA9%d\xE3#\x9A\xC3\xFA\x1A\xC3\xF3\xAB,\x88\xA4\x06\xA2=Fn\xE3#Zb\xE4\xDD\xB4\xD7\xD7\x82\x9E\xA6E"g2\xEA\x99e\xD4\x1B&"e\x96Q\xCF "\xF9\x99\xD1\x1E\xC3P\x9A\x18\x85\x03\xE9*\x82Q\xEF*\x8C\xE6\x98Z\xF5\x1CF-nJU\xC0Y\xEA\x01\x8E\xE9\xD7n$N:\xA25>\x9FL\x84H\x911\xEA\x8B\x8C\xA4"\xA2^\x07\x88\xAC"\xA2%\xEEk\x0E\x9B\xB2T\x88Z\x0C\xEF\xFE\xE3\x8Ez9HO\x10\x11\xD7"\x15\x07\xA11\xAD\xB7x +\x81h\x8B1\xB8hpOS\x0C\xCF\xC5\x81H\xB9\xC3\xE0\xFB\x83\xB6\xF4\xFB6\x125$"\xEE:\x88z?g\xA4\x9C\x13\xB2_\x11\xC9\xAF\x88\x94[\xDC\xD5\x14\x8Fe\xBF"
9r\xCE\x11\xC9\xCA\x84\xDC?\x08\x1DV\xDE\xE1\xD7KiADZ\x10\xD1i\x97\x91\xFC\x8FHZ\x10r\x9FB\xD4b\x80\x96\x09\xD1\x16\xC3\xB0\x16\x84\x9CsDc\x0C\xC3%@\xC8r\xC4\xBC\xFB\xA2\x1F\xDA9\x12\xBD\xDDAD\x8A0\xEA\x85\xC3H\xEF\x85\x10:\xDF\xD8\xC0\xF5\x16\xE3VA1\x9Acx~s\x03\xD1\x1E#W\xAD1\xEA\xFA"\x92\xBE\x8C\xC6\xB8/\xE9\xCBR1\xF8\xFB\xCF\xF5\xFD\xB2\x17\xD9\x89Hv"\x92\x9D\x88\xDF\xE6B$\xD9\x11\xE9\x8D.BcZ\xD7\x1BZ\x84t"b\xB4\xC5\xF0\x943FS\x0C\xCF\xDA"
\xE1YsDc\x14\xC3\xEFya\xF6T4K|\xBD\x00\xD1\x98\xD6\x95XD*5B.5D*5D\x92\x83\x90\xE5@4\xC5M9\x81\x88\xD6\x18\xA1\xEB\x89\x90\xEB\x89\xD0QO\xED#C=w\x1F\xCB\xAA\xB1\x8Fe\x15\xD8\xC7\xB2\xAA\xEBc\xD9\x1D\xF5s]%\xF7\xB9.[|\xAE\xCB\x13\x9F\xB1\xEB=\xE5\xCFu\xBC\xF3\xCA;\xB5E>\xD6]\x93\x9F\xEB3o\xCA\x1A\x7F\xAE\xD3A\xAD\xFA\xE7z\xE3'\xBF\xFF\xA8\x061\x91\x8Cz\xCE\x10\x8Di\xBDg\x88QO\x12"\xD5\x11\xA3~\xF2A\xA4l!Rn\x18\xF5\xAB6Fk\x0CCIE\xA4bAt\xA4|L\x03\x16Hzm \xE9\xE5\x81\xC4\x02\x12\x92\xB9\x19\xCD\xBC.\xCB2\x1Ac\x0Cji\xBCY\xA9\x84h\x89\xE1\x1D\xF6\xC5u\xA5\x99\xD1\x98\xD3:\xC4\xF0\x0E\x89\xE64"\x81D\x12\x11\x91DD,\x11\xA2\xDE\xAF\x18\xA9\xFC\x08YXD\xE9!-n\xC9\x9A#\xDAb\xE4:W1\x9Ab\xE4\xA7\xB0\xB4na\x11\x8D1r\x173\xA25\xCA\xE1b&t\xD8aM\xA3\x16Hd\x07"\xB2\x03\x11\xDB\x81\x90\x85E4\x87\xF5\x16\x83\xB3\xB0\x88\xB6\x18\x83[.\xE6A\x9A#\x92\xE6\x84, \xA29Fh\x011\xE9C\x0C\xFE\x10\xB0\xC5\xD7\x83\x18\xA9\x02\x09YD3\xAF;\xAF\x88\x94WB\xCE+"\xE5\x15\xD1\x12\xC3s\xCA\x11\xC9\xFD\x84\xEE?\xD7Y\xC1\xE7\xF5\x1D\x12M\x92\x11\xD1(\x19\x11\xCD\x92\x11\xD1\xB5\x1E#\xCD\x99!\xEA\xFAq\xE0\x9A4C\xB4\xC6My\xDC\x8C\x90.\xDC\x18m1BI\xC8h\x89\x11\xCE!<uJFc\x8C\xDC\x03i\x88ZN\xFB\xCF_\x0E\x8D\x97\x97\x01\xEA\x19\x86\x93\x87\x99\xA7\x93\x87\x99\xC7\x93\x87\xE5\x8E\x13\xC0\xC32\xF2\x04\xF5\xC2\xF3\xCC\xC3\xC2\x03\xCD\xC3:\xE1\x10\xF5\xB0\xF1\x9C\xF2\xB0\xF1\xA0\xF2\xB0\xF1\xEC\xF1\xD0x\xF8xh\x13NR\x0Fm\xC1Q\xEAa\x1Fiq\xE6 \xF7\x95\x83\xDC\x1B&s\xBC\xDF1\x99\xE3}\xC4M\x8D\xF7\x8575\xF3\xB0\xB1\x93\x8Fh\xBD\xBC\x12\xF3\x8A\x1A\xAFo\x97\xEB\xE7\x0Fu\x18]\xCE\xE1\xAF\xE8rv\xF8\x90\x89\xD1\x96\x86\xABO\xB1h\xDDy\xC3\x87\xCC<\x96\xEC\xBA@\xA4\xD2`4\xC61\xEB%\x8E&[\x0BFS\x9A\xB4\x1E\xD6%\x8DZ\x9F
\xF2@\xB7^\xE1A\x14\xC7\x9D]b\x88Z\x1Ck\xB6\x82<=\x1E\xC2V\xF90j)\xE7."FK\x0Co\xE69f\xEB\x8Eh\x89\x93\xCC\xD6\x9D\xD1\x16\xC7\xAF%.\xA3%`\x9F\xE2\xE2\xFA\x16'\x9D]\x83\x8C\xE2\xAC\xB3\x15d\xB4\xA41\xECS\\^_cx\x12\x17\xC7\xCA%.\xA3%&\xF6\x10\x17\x07\xA5\xE78\x0Fmq\x19\x8Dq&[\xE2"RQ\xF3\xBCv\x9C\x8B\xB6R\x8CZ\x1A\xCC\xB6R\x88\x0E9x}\x8D1H\x0E\x9C'\x97\x1C\x8C\x96\x98\x8A9\x0C,;}\xCC\xD6<\x03\xED\xC2\x09,LA;\xEB\x81\xCDqL\xDB\xC9l\xC9A\xEA<\x15f\xCC\xC70I\xAE,\xF2\x83\xE60R\xECk\xBB\xC0Z\x1C\x1E\xB6\xE7\x03\x1B\xF3\xD4\xF6\x92\x87\xA2KRd\x96\x94\xD9\x12'\xB7}\xDA
,O@\xBBb\x98YUf[\x1C\xDF\xEE\xCA1\x98s\x90*\xB6\xC0Z\xDC\x80\xCB-\xB01n\xAE\\\xF4M\x04\x1C\xE3v]!\xB3\x08\xCC\xE68\xC9\xEDK\x84\xC0\xA68\xCB\xDD\xDD\x8E\xE3\xD7v;\x8Ff\xDF\xF3D\xB7\x9D\xC9,\xCFY\x973\x91my6\xBA\xDC\x87\xCC\x1Bg\xB6\xC4\xC1\xEE\xEE>\x06sN\x8A\xDD\x87\x03\xEBv\x18\xB31o`\x0Ec\xCD\xD5o\x90-y\xF4\xBAl\xC9l\x89S\xDE\xBD\xDD\xF3\xD0x\x1E\xA4.\xD9\x90\xB5<e]\xB21\xDB\xE2\xACw\x97\x8DA\x8BAV\x11s\x96\xC3\xAC\xB5\xD3\xCFL\xE9\x0F,Ob\xD7\xAF\x8A\xCC\xA68\xF7m\xD9\x98)\xCB\x81Mq\xF4\xDB\xC5\x11\xD8\x9E\x8F\xA7\x1A\x08\xAC\xC5\xBC\xB8>\x02\x1B\xE3\x00x\x17(\x15\x07\x80%\x8C{\xD7o\xCF\x00\xC2@ve/\x19\x14\x80s\x03\x0E\xBC\xF30x\xED\x1C6\x98\xE7\xADk\x8F\xCC\xC6<\x13\xBE\xE4A\xED\xB2-2\xDB\x96'\xC6\xEF9\xCE-O^\x97m\x99Mq4\xBC\xAC\x89l\x8F\xA0\xC5\x84\x95\x02\xCC\x96\x1C\xE4\x9CG\xB0+\xD1\xCC\xF2\xA4u%\x9AY\x9E\xB5\xEE\xAF3\xF1\xD0\xF9=\x07\xE9\xD7\x8C\x90Y\x1DfS\xDE\x80+\x83\xD9\x9E7 G\x87\xC9\xEF1\x0F\x8C\xCB\xB5\x81\xE5Ym7\xDB\xC0\x9684\xEE|\x06\x96'\xAC\x9D\xB3\xC0\xB6\x1C\xCB\x9E\x02\xD1UJ`k\x9C\x1Dw%\xF0\xAC\xB7\x9AT`c\xDC\x9C\xAB\x84\x8F7\xE7\x89\xEF\x12\x1D\xD9\x9A\x87\xADK\x04fc\x1C#\xF7\x19 \xB05\x0E\x92\x97\xB0\xC8T(\x81mq\x96\xDC\xC5\xC0l\x8F\xA0\xE5\xA1{\x0B\x84\x8F\x9B\xC3\x88\xB5\xCF\xA2\xCC\x96<\xD0]\xE5\xC3,\x0Cm\x974\xCC\xE68X^)f6\xC5\xD1\xF2J?O\xC5\xAB|p\x82\xDC\x99\xE4\x84\xC9\xCE8\xF5\xEDd\xF2\x1Cy\x9E\xFB\xAE>\x85L'\x84\xC0\xF2\xE8w\xD9\x99Y\x8B\x83\xE6\x95kf[>\x9E\xED\xCC\xD3\xF0\x11\xCC9\x99\xB6:\xB1\xEA7,B\x18\xF6.u\x90Y\x1Dfy\xDE\xBBJ\x04\x99\xD5a\x96\xA7\xC1\xABJ\x98\xE5\xA1\xEFR\x8E\xD9\x9E\x8Fg\x11\x98\xAD1\x96\xAA\x12fK\x8Ee\xCE\xB3\xDC\xF5v\x10\xB3<\xE8m\x8D\x02\xCB\xF3\xDC\xF5n\x11\xB30\xB3]o\xEF0[s\x90[\x9E\xE8\xAE7\x7F\x98My\x03*\xC9\xC0\xF68\x92n\xD1\x03[\xE3\xFE,z`K\xDE\xC3\x1CF\xAB\xCB<K\x9Eg\xBC\xCB\xCC\xF2\x00x\xB9\x01\xD9\x9AG\xC0\xBB\x1Bx.;Oz\xFB\xA4\xC6\xCC\x8A3[\xE2\x98z)\xCEl\x8F\x83\xEA\xFD\x8DB\x06s\xDE\x80\xAD\x80\xB3\xF9~\xAF\x90\xB3\x95\x07\xBB+\xCB\xCC\xC2Pze\x99Y\x9E\x07\xAFzd\x96'\xC2K\x1DfK\xDE\x9C\xD5\xE11\xFD5\xC6Y\xC9d6\xC68\xAB\xE6\xF0x3\xCDV\xFB\x02\x86@\x98\xEA\xAE2\x040\x86!\xF6%\x0C|We~\x02\x1B\x06@\x98\x11\xAF\xB7\xEC\x01\xE0\xEEl \x00a\xAE\xBC\x8A\x17@\x988/\xF1?\xC1\x8E\x81\xDA\x0F\x1F\xA0\x04\x07\x89\xC2\xFC\xB7\xF3\xCAl\xCDs\xE3g\xAE\x18(]\x81\xE5is\xD7\x1B3\x9D\xC7\x02\xDBr\x90\xCAS`-\x8E\xB7\xBB\xA6\x02\x1B\xE3\x80\xBBk\x8A\x8F7\x87\xD9nW\x0F\xB3%\x0F\x99\xBB\x86\x02\xCBc\xE6\xB6\x7F`ad\xDC\x96\x0El\xCD\x81\xB4<P^\xCA1\xDBs\x90{\x04\xFD|\x14\xD8\x1A\xB3\\\xB2\xB1:a<\xBBdC\xB6\xE49\xF1\x92\x8DY\x1E"w\x9F\x0B,\x8F\x91\x97\xDC\xCC\xC2 y\x15*\xB3<J^r3[\xF2\x06l\x05\x1E\xEEO\xD1[nfk\xDE\x80+\x1Fg\xFF]\xF9\xCC\xC68\xDFm\x82\x13\xECs\x1E:/\x9B0\x1B\xF3T\xFC\x92G\xD2Knf-\x80-\xCF\x9D\x97\xDC\xC8Z\x1E/\xAF\x9E\xCDl\x89\xD3\xF1e\x05dV\x95Y\x8Bq\x96\xAA\xCC\x96\xBC\x879\xCC\x93\x97\x02\xC8\xD6<\xA2^\xEA0k\x018\xCB\xCC\xA68*_Yf\xB6\xC5a\xF9\xEA\xBD\xC8\xAC\x00\x0E\xFA\xBB>\xF0qs\x18\xEB\xF6Ee`y\xBE\xBC\xC6\x00\x99\x8Dyr~\xC9\x83\xE95$\x88L\xAA\x06\x96g\xD3}9\x14X\x9EB\xF7\xA5"3\x19"\xB0-\x8E\xD0[Xf{\x04s\xDE\x80\xA7\x09\x99\xB5(\x90\x9D\x82\xEC\xFE\xA3a\xE0}\xD3?}\xB1\xFF\x04\xEB\xFBm\x9Fh}8~\xC4\xF5#\x01+\x81q\xBE5|\xA6q\xBFm\xF8T\xF3|[\x11,\xFBmA\xB0j\x14\xE2\x13l{\x1F\xBA\xF8\x04m\xBE\xCD\x03\x82\xFD65L\xC8|\x9Bf\xDC\xF9}\xBF\x8DL\x8Ed\x8Dx\x94\xE1H\xD7\x80y\x1F\x8E|\xFClG\xC2\xF8\xC9\xA6\xF9v\xE7'\x9B\xF6\xDB\x1D\x93\x7Fz\xA1=\x96>E!v<\xD96\x06v\xD4\xFE\x1A\x99e#V\xCA!;\x1E\x97\x9E\xF38u\x9E\x1F0\x88\xAC$$\xB6\x1Fl\x08\xEC!$\xC2J%\xC1#\x9B\xCBt\x16\x0C\x16\x11"\xD5\x11#\x95\x122\xEB\x83\xCC\xFA sM1\xDBok:\x9Eue&]\x91YWd.Jd\xAEKf\xD2\x95sf\xED\x18\xBA\xDA\x18\xBA\xE0\x02\xEC5\xC7\xCC\x8E@x:\xE2pJ0\x04\x10\xFB\x81\x88\xED\x00\xA8\xDC\x00\xA8\x04'd\xBD\x01\x95\xDC\x80JQB*TB\xAESB%'\xA5I\xBD\x16\xB3QB\x13+\x9D\x89\x95\xCC\xC8\xA42\xA1\x12\x19\xD8\xA1\xF1\xF1\xDBa[YdDR\x99\x91dFf\x9D\x91\xB9\xEA\x91Y3f\x12\x99+\x14\x99e\xE3=X\x1C\x86V\x87\xA1\xE5\x09\xB0\xEB\xC3\xCC\x02!<\x15j\xE7\xE5G\xC8'\xB1\xCA'1\x17\x152\x97\x0E\xB2\xD2\x01\x99u V\xB9&\xE6\x1Aa\xA6\xB3\x1C\xB2\x87F\x08+\x9B\x04\xCFO\x9F\x9E\xCE\xC4]\xB3r\xFE\xC4H\xA5\x80H\xA5\xC0H\xA5\x80\xCC\x97\x93\xCC$+2\xCB\xCA\x1BPCD\xE6\x93\x1C2K\x87\xCC%\x84\xCC\xB2r\xC6$\x1D\xE7\xC5\xD21\xF4\xC5f\x80\xAA=\x86\xAE\xBD\x00{\xED1\xF3\x85g\x80\xB2\xD2W5\xDAm\xFB(Z\x17\x19\xB2R\x83X\xA9A\xCC\x97\x15\xCC\xAC\x06\xB1\xC3\xF2m:CE\xCB#\x92\xAF\x11\xD9\x9F\xC8\x8ET\x1E\x87\x0FG\x93?\x91\xF9\x04\xCBL\x1ED\xE6]#sk\xE1\xED\xD9\x83\x0C\xED\xC1\x00\xE5A\x86\xB2\x193\xDB\x0C\xE1\xA9P;\x83\x9D\x07\x91\x15"d_"+\x15\x88\xB9\xF9#\xB3/\x91\x95z\xC4\xECYfV\x0Fw\xAE\x0E\xC2[/\xF5\x10\xBA\x0F0t9#<?\x0B\x7F:\xB3\x83" \x92\x08\x88\\&\xC8,\x1027\x0Ef\x12\x0F\x99\x13\xCDL\x89\xE6\xDD\xA9Lx{\xF7\xA3\x12\xD2\x03\xAB\x12\x18Z\x85\x00{\x990s\x99 <\x15j\xA7GY!BV\x88\x90-\x8D\xCCM\x07Ye\x13#\x91m9\x94J\x18B\xE7\x04Y\xE5\x84`\xFFi\xBCO\xE7)\x85\xF6\x1EP\xBF8a\xA6\x8B\x93\xC0\xBA\xAB\x99\xC9\xD5\xCCt\xCAc\xA6\\3\x93\xAB\x03\xEB:\x84\xFD\xC9\xB9\x09\xF6\xFE\x11\xA0\x9C\x1B\xA0\x94H\xB07\x17\x86\x96\xC9\x7F\x1F\x8F\xF9&\xA6\x13j`\xCE71u
fj\xF3\x81Y'bj\xF3\xCCJ'd\xD6\x89\x98\xEA\x85\xD9CC\x84\xDD\xDB\xC3t\x960{\x1B\x99\xFD\x8B\xCC\xB9F\xA6\xAE\x1C\x98r\x8D\xCC\xF9Df\xDF#s\xCE\x909g\xBCw[\x9B\xA1.l\x12\xEC\xDD)@\x17E\x80g\xEB
\xCC\x05\x13\xA0
\x86\xB3\xDA\x0Bfh\xB7\xFE\xC5\x7F\xA4=\xA1\xD2\x82XiAl\xF5w\x8B \xEB\xE7\x09f\xAE\x09f\xD6\x97\x98\xEB\x05Y\xE9\x8B[wM\x04h\xF1\x11\x96\x84\x08K&\x82\xF7\x9Fq\x9C\xF4\xD1'\xEFq\x9Eg]F.3d.%dnM\xC8,\x113I\x84\xCC\xA9f\xA62\xE3\xEDI\x06dUI\x0C\x9DL\xDE}\xB7\xF5\xD8\xCE\x988\x9F\x84\xDC\xD2\x90\xB9m1\xD3)\x02Y\xE9@\xCC\xB6f&[#\xAB\\\xE3\xF6\x9CO\xDC\x9Fm\x1D\xA0l\xCD\xB0\x94@h\xCF3t\xF7Axx~\x9ANo\xA0F\x88\xAC\x112\x9F\xE2\x99\xA9V\x90Y#fju\xC8\\+\xC8\xAC\x1F2\xEB\xC7\xFB\xB3F\x0C-C\x80:\xB50t\xB5\x04(\x8D\xBEi\xD1\xCE\xDF_\xF0\x0C\xC1\xC82\x11+\x99\x88\xB9\xCC\x98\xA9\xCC\x90\xB9\xA5!+\x99\x88\xB9\x04\x99YBb%!2\xB5;d.O\xCEYI\x8F\xB0\xA4gh\xE9\x11\x96\xF4\x0C-=\xC1\xF3\x9B\xBB\xA63^\xB4\x04"Y\x82\x91,\x81\xCC\xD5\x89\xCC\x96@\xE6\xCAEfK0\xD3E
2\x9F\xE5\x90Yv\xCEJ\xFF\x15?0\xC9\xCEy\xB1\xEC\x01\xAA+3\xB4'\x02\x94'\x18\xEAb\x92\xF3\xAD2\x9B\xDB\x19U\xC87\xB1\xCA72\xE7\x9B\x98\xCB\x13\x99\xCB\x93\x99\xCA\x13Y\xE9D\xACtBf\x9D\x88=\x12\x8A\xD0\x09E\xE6\x02\x0CP\x05\x88\xF0(\xC0e\xBA\x8D<\x88\xC3H\xB5\x89H\xB5\xC9H\xB5\x89\xCC\xED\x9A\x99\xEA\x16\x99}\xC4\x1B\x90\x8F\x98\xE9\x8C\x8B\xCC\x1Ec&\x8F!\xB3\xC7\x98\xA9\xDE\x91\xD9c\x9Ciy\x85\xF3\xE9\xB2eh#1\xB4Y\x10\x9E~hg\xC9\x07\x19\x88U\xAA\x89U:\x919\x9D\xC4*\x9D\xC4\\\xB2\xC8|fDV\xE9$\xF6\xC8\x18B_~\x06\xD8\xEB\x92Y\xA5\x9A\xA1\xEA\x12\xE1\xA1\xC3:\x9D\x11a\xF1!R\xF11R\xF1!\xB3\xB2\xC8\\(\xC8\xAC,2\x1B\x1E\x99\xD5C\xE6\xA6\xCA;\x97z\xBC?\x9F\xE0\x02T\xA50\xF4\x09.@\x99\x82\xA1\xE5Cx\xCA\xD7N\xCF\xB0|\x84,\x1F"\xCBG\xAC\xE4#\xE6\xFE\x88\xCCE\xCB\xCC\xB2\x13+\xD9\x89\xB9h\x99\xD9\x12\xC4Jv\xCC\x98\xCE\xA5\xCCl\x09\xCCY\xA9\x8E\xB0Tgh\xD5\x11\xBA\x15\x04\xD8[\x013\xB7\x02\x84\x87]\xB6\xC3F\xEC\x16"2\x0B\x12y\x85\x90\xADB\xC8\x8A\x13\xB2\xE0\x84\xAC7"\xC9M\xC8j#R\xF7\xC6\\\xC8\x07\x88d\x03\xCC\x86\xB5Df)\x99u%\x11\xB9\xEE\x89\x9D:\xB6S\xE6\x90yb.Rd%\x0B\xB1\xD2\x85X\xA5\x18\x99sL\xAC\x92\x8C\xCCY&V\xFD\x97ai\x80\xD0e\x81\xF0Hg\x9B\xCEd_\xD3r\xFE\xC4H%\x83H5\xC3HE\x83\xCC\x17\xA7\xCC\xA4+2\xEB\xCA\x1B\x90\xAE\xC8|U\x84\xCC\x05\x87\xCC\x17\x92\xC8\xEC\x07\xCE\x98t\xE5\xBCX\xD7\x00\xD5a\x19\xBA\xC3\x06(G0tY2\xB4]X\x8D\xA1F\xFE\xEBc\xAD\xB5<\xDE\xFBg$\x12\x99\xFB\x07\x13\x12\xD9\xFB\xA7\x01\x02\x99\xA6\xE7\x10\xFF\x85l\xFDs\x13\x81\xCC\xFD\xCF\x1E\x88\xAC3.\xB7!\x1D\xA4-\xE9 \xFB\xCB\x9F\x1D\xBC\x91i\xC0\x07L\xE3=\xEC~\x1A\xF7p\xF8\xE9\xD8=\x1F~\x9AZ\xD8\xE3t\xEC>\x046\xAF\xFD#/\x81,C\xFF\xE8G"\xCB-$\xAD\xCB\xFF\xFC\x1Cy\xC8?\xC2e\xD1\xA1\x10\xAEs"\x9B>\xB17@}\xF8)\xC3\x12\x97\xA1\xF5E\xB8\xDF\xBF\xECc\xD7\x07\xA0"\x9C\xEES\xDE\xE4t\xD7gi2\x1CR4\x0F\xFF0\xDC\xF3&\x1F\x1A\xE2>N\x19_>\xD8\xFF\xB3\\\x03T\xC52t\xD12\xB4;\x18.\xFD\xB3\xA1\x13\x94u\x18\xF6\x8F\xF6e\xA2\x0Fmeh_\x05\xB8}\xD9\xA4\x1B@\x80-\xEF\xA3\x0C\xC0\xF04@ k\xDEG\xB9#\xC0=\xEBQ\x9D\x84\xA1\x9BI\x80\xEB\x97M\xDAt\x9C\x9En\xBA\xE7WF\x80\xE9\x18\xDAt\x08\xCBt\x08\xCBt\x08\xCBt\x0Cw\xED\x03aY\x0B\xA1\x1B\x0FC\xF7\x16\x84\x0F\x83 ,\x1B ,\x1B0\xDCs@\x0F\x1B ,\x1B0\\s\xFA\x1E6\xC0$\x9C6x\xF9z\x90O\x1B\x04(\x1B0\xB4\x18\xDA\x06\x0C\xAD4\xC3L|
a\xE8&\x81\xB0dfh\x99\x19ZI\x86V\x92\xA1\x95\x0CPJ2\xB4\x92\xBC\xCF\xAE\xE4\xF3+[ \xE5\x08\xDD\xD1\x19\xF6\xA31Q\xD91tGg\xE8\x9Ad\xE8\xA6\x8D\xF0\xA1\x07B\x97]\x80{>\xE6#\xAB\x18\xD0\x99\xD5\x97o\xB5y-\x01]d\x07\xA8\xE2\x09P\xC5\xC3\xD0\xC5\x13\xA0.\xB8\x19Zf\x86n\xB0\x01\xAA\xEC\x18Zi\x86>=3tY2tY"\xAC\x8B7\x86Cz\xCE\xF2@\x80{Nl]\xE5\x07\xD8rb\xAB\x9A\x03\\s\xD6\xEB\x8A?\xC0\xE5\x8B$\xAEY\x7F\x18S\x10\x13a\xE9\x85\xB0\xF4B\xE8\xB3%\xC2\x87^\x08\x87\xF4\x9C\x0F\xBD\xF0\x80U%\xCF/\x87\x82*AX\x85\xC0p\x95^\x08+\xB1\x08\xAB\x10\x10\xBA\xE5\x05\xB8}\xD9\x8A[\x1E\xC2Gb\x11\x0Ec"\x95X\x84\xE5X\x86k\x8E\xA6Z\xDE\xCB7o}&\x96\xA1\x13\xCB\xD0\x89e\xE8\xDC1\xF4\xB9$@\xD9\x99\xA1\xB3\x8E\xB0N4\x0C\xC7%\x07T}$@\xF5\x11\x86V\x85\xA3\xAD\xC4o\x8F/k\xFB<\xD7\x04\xA8*b\xE8B\x09\xD0z"\xF4\xE9$@u \x86_H\xFB\xB2\xC9R\x9A\xA1\x95F\xE8\xC6\x15`\xCB\xFB\xA8\xE2\x0Bp\xCB\x9B\xEC\x95\x19\xC8\x9A7Ye\xCB\xB0\xAC\x85\xD0e\xCB\xD0'\x9A\x00\x97/b\x9DW?\xFB\xE7E\x91\xEDHD^$"#\x02\xB1\xD1\x80\xD8eD\xD4O\x88\xC8|@\xDC\xA2\x89l)6;\x0B\x88m\xF5I\xCA6@\x06|\xAAR\x96HK\x07q\xBB \xB2\x86\xA4\x95\x0F\x88,)i\xDD\x01\xCF\xAFM\x04A\x11\xFA\xFC\xCC\xD0m'@\xBB\x01a\x89\x8B\xB0\xF4EXr\x11\xACZf\xE8\xA2\x0Cp\xCF\xFB|h\x84\xB0R\xCE\xB9\xED\x05\xF6\xFA\xCD\x93\x1F5\x16\xA0
#\xC0\xF3Ci\x99(w\x01\xAA\xF7&\xA8\x8FYe\xA8\x8B\xFC\x04\xF5qZ\x08-I\x80j\xA2\x01J\xAF\x00Uj\x01J\xAF\x00U<I\x12\xEB\xB5\xE4\xD7\xD3\x02T\xA1\x04\xA8B\x09P\xCD1\xC0\x9E;$\xA54\xC1G\xEE\x18\xEAk_\x02\xDC\xF3>\xDC\xC6\x02\xAC\xACc\xB4\xC3\x99\xD5\x1D_\x81r\xCA\x19:\xE5\x08+\xE5\x08\xAB~\x10\xF6\xAC"\xA9\xAC2\xD4g\xF23\xAC\xFAAX\xF5\xC3\xD0\xF5C\xF0Q"\x08Kf\x86{N\xCFCI\x84\xA5$\xC35G[b\x0E\x13\xBD\x04c1\x03\xDC\xF5=_\x08\xF5rI\x80.\xAE\x00\xF5\xB5\xAF\x0C]y\x01\xCA@\x01\xEA\xCB\xD6\x18~!\xEDKzl\xBD\x00\xB7/\xE9q_\x0Fp\xF9\x92;\xFB2\xC0\x96\xD3\xE3\x8B\xA3\x00mZ\x86n?\x01\xEEy+\xD5\xF4\x03l\xD9\x06\xE5\xE8\x00\xD7/\xFB\xD4\xE9=\xF9r\xAA\xBF\xAF\x8B/\xC6\x05Xb#,=\x19ZO\x84\xFB\xE3\x8F\x08\x09ZO\x82\xE7%m n2\x01\xEE9\xD4\x87^\x0C\xAD\x17\xC2\xD2\x0BaI\x82\x9B<O4\xE3\x88\xAFC\xA97\x05\xA8\xDE\xC4\xD023t\xFBa\xE8\x0E\x13\xA0:\x0CC\x1B$@u\x03\x86\xBABN\xD0\x7F\xC2H\xB0{ \x905\xE7\xAE
:\xC0=\xE7\xAEd\x0Ep\xCD\xB9\xAB\xAB\xB8\x00e\x90\xA0\xB4N4\xE3\x9A_\x1A\x0C\xB0$a\xB8}y\xDA\x92\x84\xA1\xCA\x12a\xB5Y\x86]/&k\xDEG\x154\xC3\x92\x84\xE1\xFA%\xD4\x92\x047\xE9\xFA\x9A\x06zU\xCC\xF5\xC5\xD0\xF5\x15\xA0N\xEF\x0C\xDD\x80\x19Zi\x86\xEE\xB1\x0C-f\x80s\x0E\xA8\xFA!C'\x9E\xA1s\xCB\xC7<[\xDE\xB4\xE4\x17\x03t\xFB\x09\xD0\xB9C\x98\x89K\x84\xA1Ok\x01:\xE5\x08+\xE5\x0CU?\x08\xAB~\x18\x0E\xE9\x80\xD5\xD2\x18\x96\x8C\x0C\xDB\x97PO\xA5\xE6\xFB\xA7\xFFuy\x0B\xC4\xE6\x07\xE23\x0B\x11I\x07\xC4\x9E\x07bi\x88,)6[\x9DH\x0B\xB1\x95\x1C@\xDC\xB1\x80\xF8\x0C\x02\xC4B\x00q\xA3\x02\xE2J"\xB2\xA4\xBCu\xD9\x9E\x8B\x9Fm\x8D\xA1\xDB\x1A\xC3\xD2\x8F\xA1J\x93a\x0F\x92\x89\xF5E\xE8\xD2\x0CPg/\x86e\x0E\x86\xF6\x07B\xD7-\xC2\x87\x17\x10\x96\x1D\x10\xFA\x04\xC6\xB0L\xC1\xB0}\x09\xA8L\x83\xB0|\xC3\xD0\xD6\xC1$t\xF7\xB4/\xAF6\x05hk!,k1t;AX\x1D\x05a\xF9\x8E\xA1\xFB
\xC2/\xA4}\xD9dY\x0Ba\xB9\x87`\xEF\xDDL\xCA\x1D\x0C\xD5\xD8\x03\xDCs4\x0F_1l\xDF\xB2\xAAR_&|\xF5O)\x0FP)g\xE8\x82f\xE8\xC42\xDC\x1F\x7F\xF1I\x03sS\x0E\xA8g\x9D\x89\xB3\xCE\xD0\xE9a\xE8\x0B\x1F\x86.;\xDE\xC7YY\xCB\xF6\xE5u\xA8\x00UY\x01\xEA\x92\x89\xA1\xCB.@\x95\x1DC\x97\x1D\xC32\x08C{\x00\xE1\x17\xD2\xBEd\xA0\xAC\x83\xB0\xDCA\xB0\xFA2\xC3\xF2\x00\xC3=\xE7\xEEa\x10\x84e\x10\x8C\xF6\xF4\xC0:|y]\x90\xA1\xCB.@\xA5\x9Ca&\xCE*C\x9F'\x19\xBA\xD3\x05\xE8\xAF\x99'X\xD5\xCApH\x07,\x19\x19ZF\x86V\x8A\xA1\x95
p\xFD\xB2\x0F\xD79g\xA0k\xBC\xE6\xF1\xBC\x04U\xCA\x0C]\xCA\x0C\xCB:\x08]\xAD\x0C\xBB;\x90\x94;\x18n_Bu/\x0F\xD0\xBEBX\xD6!\xF8\xB0\x0EC\xBDm\xC7\xB0\xDC\x83\xB0\xDC\xC3p\xC9\xFB\xAC\x0E\xC1\xD0\xA7\xDF\x00[\xD6\xEB\xE1;\x84\xE5;L\xDF\xE9\xBB\xED\xFE\xE5\xE5\xC2\x00\xE5;\x86\xF6\x1DC\xFB\x8E\xA1}\x17\xA0\xFA\x19C\x9F\x0B\x18\xBA\xF7\x04\xE8\xBF\x93e\xD8r@\xBD\xF70\xB1A\x02\\r\xEE\xCA\x03\x0C-3C_\xA0\xF3>\xBA\xCC\xF3\x97W\xAD\x02\xB4\xCC\x08Kf\x84%3\xC2\x1E'\x12w\x90\x00\xB7/\xD1\xB8\x830,\x19\x09V\xA93,%\x11\xBA&\x19\x96X\x08]\x93\x01ZI\xDCJWr\xFF\xF2*"\xC3*\x1E\x84U\x02\x04\xABe1\xF4\xD90@g\x00ae\x80\xA13\x80\xD1\x0E\xFA\xE3\\z-P\x97\xC4\x01\xCA\xE8\x01\xCA\xE8\x0Cm\xF4\x00uI\xCC\xD0\x920\xF4%\x18\xC3L\\\x05\x0C]\x05\x01._B\xDD\x1F\x7F\xBD\x9C_\x7FDX\xF5\xC3\xD0\xF5\xC3\xD0\xF5\x83\xF0\xBF\x7F?\xF7\xE3\xBF\xF3\xDFi\x9C\x7F\xFE\xF4\xD7_\xFD\xE6m\xFD\xD1]\xC6\xDB|\xDE\xE1\xD6|{>~z\xBD\xDD.\xB7\x87\xC3poOp\xF8\xE8\x8D\x1F\x97\x03o\x0B\xE3y\xBC\xE3\x02\xA2n\xBE\x1Fn\\/\xC7\x1Fu\xC0\xE7\x03\xA6\xF1\x12\xC1\xB4\xF4\x08^\x16\xD6\xEB=\xF6~\x8F\xE7s\xCC\x97=.=\xC6'?N\x98\xEF\xF7Xt\xD039^\xB8\x1Ec\xD9/yX\x87\xCB\xC6\xD7\xA9\xDF\xE3\xF9\x1C\xEBvy\xC8v=\xEC\xF6\xFE\x80m}\xBF\xFB~\xD9x\xD3!\x9F\xF7h\xEFO\xD7\xDEC\xDE\xDF\x8F~X\xF5\xFD\xEE\xFBu\x8F\xFB5\x8F\xC3}\xBA\x840\xDC\x97\xCB\xB6\x87{{\xF7\xC7p\x15\xF0\xFC\xBB\xF9\xF9\xB2\xB2^T\x1F\xC6k:\x87\xF1\xE3\xD8\xE3\xC7\xB1\x8F\x06\xF4\x9E\x91a\xBA<f\xD2\xB1_\xEF!\xC7>\xD3>\xCC\xF7k\xC4\xF3\xB5,\xCE\xAFz\xBC<\xCF\xBC_\xA3\xB1\x8B^v\xF5a\xA3\xF3k\x8E\xE6\xF7\xFB\xAC*\xC9\x97x\xD6\x8F}\xDAJ\xAFew\xF5\xD2\xB0]\xB4\xBB\xB8ih\xF7\xF7\xA3\xB4\x8F\xFC6\xED\xFA\xF51.\xD7\xFF\xE7\xED?\xFF\xFA\xC3\xD1\x81\x8E\x93\xDBK\x13\xDA\xD7\xDFM\xE8w\x13\xFA\xDD\x84~7\xA1\xBFk\x13zv\xA0ym\xAF\x1D\xE8\x88\xF0\xAD\x03\xE9\xF63\xD5\xBA\xDD.\xB7_:\x90\x17\xD6w\xFE\xEC@>@u \xDF|?\xDCK\x07\xF2\xC2\xB3\x03i\xE1\xA5\x03y\xE1\xD9\x81\xBC\xB0^\xEF\xF1\xAC\x1Co\xEA\xB2\xC7g\x07\xD2\xC2K\x07\xF2\xC2\xB3\x03y\xE1z\x8C\x97\x0E\xA4\x85\x97\x0E\xE4\x85g\x07\xF2\xC2vy\xC8v=\xEC\xF6\xFE\x80\x87g|s\xBFl\xFC\xA5\x03y\xE1\xFD\xE9\xDA{\xC8\xFB\xFB\xD1_:\x90\x17\xAE{\xDC\xAFy|\xED@\xB5\xB2\\\xB6\xFD\xEC@e\x98\xAB\x80\xAF\x1D\xA8V\xD6\x8B\xEA\xAF\x1D\xA8V>\x8E=~\x1C\xFB\xA5\x03ye\xBA<\xE6\xA5\x03\xD5\xCA\xB3\x03y\xE5\xA5\x03\xD5\xCA\xB5,^;P\xAD\xEC\xD7h^:P\xAD\\S\xFC\xDA\x81\xAA\x9E\x9E\x1D\xA8V>\xF6\xF9\xD2\x81\xAA\xEC\xAE^zv\xA0\xBA}\xC9\xCC\xA3\x03\xD5\xED\x8F\xFC\xBEt\xA0Z\xA9\x0E\xF3\xFF\xBB]\x97A\x12\xA17\xA1e[\x7F7\xA1\xDFM\xE8w\x13\xFA\xDD\x84\xFE\x8EM\xE8\x7F\x01\xEC\x0F\xE1B
endstream
endobj
3 0 obj
<</Type/Page/MediaBox[0 0 612 792]/Resources<</ProcSet [/PDF /Text /ImageB /ImageC /ImageI]>>/Contents 1 0 R/Parent 2 0 R>>
endobj
2 0 obj
<</Type/Pages/Count 1/Kids[3 0 R]/ITXT(3.3.2.0)>>
endobj
4 0 obj
<</Type/Catalog/Pages 2 0 R>>
endobj
5 0 obj
<<>>
endobj
xref
0 6
0000000000 65535 f 
0000000015 00000 n 
0000007065 00000 n 
0000006926 00000 n 
0000007130 00000 n 
0000007175 00000 n 
trailer
<</Size 6/Root 4 0 R/Info 5 0 